{"schema_version":3,"issue":0,"files_changed":[],"lines_added":0,"lines_removed":0,"diff_patch_path":"/tmp/artifacts/diff.patch","iterations":0,"terminated_reason":"done_sentinel","verdict":"pass","scope_violation":false,"scope_violations":[],"loop_input_tokens":0,"loop_output_tokens":0,"apply_check":{"ok":true,"skipped":true,"reason":"empty_diff_skipped","truncation_observed":false,"diff_bytes":0},"notes":"Build stage completed. Diff written to artifact; not applied."}
