{"data":{"cache_creation_input_tokens":"0","cache_eligible":"true","cache_read_input_tokens":"0","input_tokens":"120","model_id":"test-model","output_tokens":"45","tier":"T1"},"issue":0,"kind":"","plugin":"","run_id":"test-run-385","schema_version":1,"ts":"2026-01-01T00:00:00.000Z","type":"model.outcome"}