{"data":{"applied":"test-model","cache_eligible":"true","cost_per_input_mtok":"3.0","cost_per_output_mtok":"15.0","model_id":"test-model","override_source":"candidates[0]","provider":"anthropic","recommended":"test-model","selector":"candidates[0]","tier":"T1"},"issue":0,"kind":"","plugin":"","run_id":"test-run-385","schema_version":1,"ts":"2026-01-01T00:00:00.000Z","type":"model.route"}
