./artifacts/attempts/build/iter-0-attempt-1/attempt.json
./artifacts/attempts/build/iter-0-attempt-1/build-summary.json
./artifacts/attempts/build/iter-0-attempt-1/build-summary.md
./artifacts/attempts/build/iter-0-attempt-1/diff.patch
./artifacts/attempts/hydrate/iter-0-attempt-1/attempt.json
./artifacts/attempts/hydrate/iter-0-attempt-1/hydrate-result.json
./artifacts/attempts/hydrate/iter-0-attempt-1/hydrate-summary.md
./artifacts/attempts/intake/iter-0-attempt-1/attempt.json
./artifacts/attempts/intake/iter-0-attempt-1/intake-summary.md
./artifacts/attempts/intake/iter-0-attempt-1/intake.md
./artifacts/attempts/intake/iter-0-attempt-1/scope-manifest.md
./artifacts/attempts/persist/iter-0-attempt-1/attempt.json
./artifacts/attempts/persist/iter-0-attempt-1/persist-result.json
./artifacts/attempts/persist/iter-0-attempt-1/persist-summary.md
./artifacts/attempts/plan/iter-0-attempt-1/attempt.json
./artifacts/attempts/plan/iter-0-attempt-1/plan-context.json
./artifacts/attempts/plan/iter-0-attempt-1/plan-summary.md
./artifacts/attempts/plan/iter-0-attempt-1/plan.json
./artifacts/attempts/pr/iter-0-attempt-1/attempt.json
./artifacts/attempts/pr/iter-0-attempt-1/pr-delivery-summary.md
./artifacts/attempts/pr/iter-0-attempt-1/pr-result.json
./artifacts/attempts/pr/iter-0-attempt-1/pr-url.txt
./artifacts/attempts/release/iter-0-attempt-1/attempt.json
./artifacts/attempts/release/iter-0-attempt-1/teardown-result.json
./artifacts/attempts/release/iter-0-attempt-1/teardown-summary.md
./artifacts/attempts/review-aggregator/iter-0-attempt-1/attempt.json
./artifacts/attempts/review-aggregator/iter-0-attempt-1/review-report.json
./artifacts/attempts/review-aggregator/iter-0-attempt-1/review-report.md
./artifacts/attempts/test/iter-0-attempt-1/attempt.json
./artifacts/attempts/test/iter-0-attempt-1/test-failures-summary.md
./artifacts/attempts/test/iter-0-attempt-1/test-output.log
./artifacts/attempts/test/iter-0-attempt-1/test-results.json
./artifacts/build-prompt.txt
./artifacts/build-summary.json
./artifacts/build-summary.md
./artifacts/diff.patch
./artifacts/hydrate-result.json
./artifacts/hydrate-summary.md
./artifacts/intake-summary.md
./artifacts/persist-result.json
./artifacts/persist-summary.md
./artifacts/plan-context.json
./artifacts/plan-context.md
./artifacts/plan-summary.md
./artifacts/plan.json
./artifacts/pr-delivery-summary.md
./artifacts/pr-open-summary.md
./artifacts/pr-result.json
./artifacts/pr-url.txt
./artifacts/review-aggregator-lenses.json
./artifacts/review-report.json
./artifacts/review-report.md
./artifacts/stage-reports.json
./artifacts/teardown-result.json
./artifacts/teardown-summary.md
./artifacts/test-failures-summary.md
./artifacts/test-output.log
./artifacts/test-results.json
./intake.md
./mock-repo/seed.txt
./mock-repo/tests/fixtures/parity-fixture.txt
./pipeline-state.json
./platforms.json
./scope-manifest.md
./stage-inputs/build.json
./stage-inputs/hydrate.json
./stage-inputs/intake.json
./stage-inputs/persist.json
./stage-inputs/plan.json
./stage-inputs/pr.json
./stage-inputs/release.json
./stage-inputs/review-aggregator.json
./stage-inputs/test.json