./artifacts/build-prompt.txt
./artifacts/build-summary.json
./artifacts/diff.patch
./artifacts/hydrate-result.json
./artifacts/persist-result.json
./artifacts/plan-context.json
./artifacts/plan-context.md
./artifacts/plan.json
./artifacts/pr-result.json
./artifacts/pr-url.txt
./artifacts/review-aggregator-lenses.json
./artifacts/review-report.json
./artifacts/review-report.md
./artifacts/teardown-result.json
./artifacts/test-results.json
./intake.md
./mock-repo/seed.txt
./mock-repo/tests/fixtures/parity-fixture.txt
./pipeline-state.json
./platforms.json
./scope-manifest.md
./stage-inputs/build.json
./stage-inputs/hydrate.json
./stage-inputs/intake.json
./stage-inputs/persist.json
./stage-inputs/plan.json
./stage-inputs/pr.json
./stage-inputs/release.json
./stage-inputs/review-aggregator.json
./stage-inputs/test.json