./artifacts/build-build-contract-violated-findings.json
./artifacts/build-prompt.redacted.txt
./artifacts/build-prompt.txt
./artifacts/build-summary.json
./artifacts/diff.patch
./artifacts/plan-context.json
./artifacts/plan-context.md
./artifacts/plan-goal.txt
./artifacts/plan-prompt.redacted.txt
./artifacts/plan.json
./artifacts/pr-result.json
./artifacts/pr-url.txt
./artifacts/review-prompt.redacted.txt
./artifacts/review-prompt.txt
./artifacts/review.json
./artifacts/review.md
./artifacts/test-results.json
./intake.md
./mock-repo/seed.txt
./mock-repo/tests/fixtures/parity-fixture.txt
./pipeline-state.json
./platforms.json
./scope-manifest.md