memory.backend.init
pipeline.init
pipeline.start
stage.start
plugin.run.start
hydrate.start
hydrate.complete
plugin.run.complete
stage.complete
artifact.snapshot.failed
stage.start
plugin.run.start
plugin.result
plugin.run.complete
stage.outputs.unchanged
stage.complete
stage.start
plugin.run.start
prompt.summaries.injected
redaction.applied
model.route
model.outcome
plan.context.persisted
plugin.result
plugin.run.complete
stage.complete
stage.start
plugin.run.start
prompt.summaries.injected
redaction.counter_skipped
redaction.applied
loop.iteration
router.max_turns.flag_omitted
loop.complete
build.commit.created
plugin.result
plugin.run.complete
stage.complete
stage.start
plugin.run.start
plugin.result
plugin.run.complete
cycle.member.disposition.halt
stage.complete
stage.start
plugin.run.start
prompt.summaries.injected
redaction.applied
model.route
model.outcome
stage.io.captured
plugin.result
plugin.run.complete
stage.complete
stage.start
plugin.run.start
plugin.result
plugin.run.complete
stage.complete
stage.start
plugin.run.start
plugin.pr_open.branch_fallback_used
plugin.result
plugin.run.complete
stage.complete
pipeline.end
plugin.run.start
teardown.start
teardown.pgroups.killed
plugin.cleanup.absent
plugin.cleanup.absent
plugin.cleanup.absent
plugin.cleanup.absent
plugin.cleanup.absent
plugin.cleanup.absent
plugin.cleanup.absent
plugin.cleanup.absent
plugin.cleanup.absent
teardown.complete
plugin.run.complete
plugin.run.start
persist.start
persist.snapshot.failed
persist.snapshot.failed
persist.complete
plugin.run.complete