memory.backend.init
template.deprecated_shape
pipeline.init
pipeline.start
stage.start
plugin.run.start
hydrate.start
hydrate.restore.failed
hydrate.adopt.failed
hydrate.complete
plugin.run.complete
stage.complete
artifact.snapshot.failed
stage.start
plugin.run.start
plugin.result
plugin.run.complete
stage.complete
stage.start
plugin.run.start
redaction.applied
model.route
model.outcome
plan.context.persisted
plugin.result
plugin.run.complete
stage.complete
stage.start
plugin.run.start
redaction.counter_skipped
redaction.applied
loop.iteration
loop.complete
loop.git_diff_failed
build.empty_diff
build.discrepancy.detected
build.diff.empty_after_done_sentinel
build.commit.skipped
plugin.result
plugin.run.complete
stage.complete
stage.start
plugin.run.start
plugin.result
plugin.run.complete
stage.complete
stage.start
plugin.run.start
review_aggregator.no_lenses
plugin.result
plugin.run.complete
stage.complete
stage.start
plugin.run.start
plugin.pr_open.branch_fallback_used
plugin.result
plugin.run.complete
stage.complete
pipeline.end
plugin.run.start
teardown.start
plugin.cleanup.absent
plugin.cleanup.absent
plugin.cleanup.start
plugin.cleanup.complete
plugin.cleanup.start
plugin.cleanup.complete
plugin.cleanup.start
plugin.result
plugin.cleanup.complete
plugin.cleanup.absent
plugin.cleanup.start
plugin.cleanup.complete
teardown.complete
plugin.run.complete
plugin.run.start
persist.start
persist.snapshot.failed
persist.snapshot.failed
persist.push.failed
persist.complete
plugin.run.complete