{
  "claim_lease_id": "",
  "cost_ledger_pointer": 0,
  "current_iteration": 0,
  "issue": 359,
  "plugin_state": {},
  "run_id": "parity-fixture-run-001",
  "schema_version": 1,
  "scope_manifest_hash": "",
  "self_heal_count": {},
  "stage_statuses": {
    "build": "complete",
    "intake": "complete",
    "plan": "complete",
    "pr": "complete",
    "review": "complete",
    "test": "complete"
  },
  "stage_verdicts": {
    "build": "fail",
    "intake": "pass",
    "plan": "pass",
    "pr": "pass",
    "review": "warn",
    "test": "error"
  },
  "status": "complete"
}