pipeline.init
plugin.init.start
redaction.applied
plugin.run.error
plugin.init.start
redaction.applied
plugin.run.complete
plugin.finalize.complete
plugin.init.start
redaction.applied
build.empty_diff
build.discrepancy.detected
build.diff.empty_after_done_sentinel
build.commit.skipped
plugin.run.complete
plugin.finalize.complete
plugin.init.start
plugin.run.complete
plugin.finalize.complete
plugin.init.start
redaction.applied
review.test_status.coerced
plugin.run.complete
plugin.finalize.complete
plugin.init.start
plugin.pr_open.branch_fallback_used
plugin.run.complete
plugin.finalize.complete