pipeline.init
redaction.applied
plugin.run.error
redaction.applied
plan.context.persisted
plugin.run.complete
redaction.applied
build.empty_diff
build.discrepancy.detected
build.diff.empty_after_done_sentinel
build.commit.skipped
plugin.run.complete
plugin.run.complete
redaction.applied
review.test_status.coerced
plugin.run.complete
plugin.pr_open.branch_fallback_used
plugin.run.complete
