pipeline.init
plugin.init.start
redaction.applied
plugin.run.error
plugin.init.start
redaction.applied
plugin.run.complete
plugin.finalize.complete
plugin.init.start
redaction.applied
redaction.applied
loop.iteration
loop.iteration.error
redaction.applied
loop.iteration
loop.iteration.error
redaction.applied
loop.iteration
loop.iteration.error
redaction.applied
loop.iteration
loop.iteration.error
redaction.applied
loop.iteration
loop.iteration.error
redaction.applied
loop.iteration
loop.iteration.error
redaction.applied
loop.iteration
loop.iteration.error
redaction.applied
loop.iteration
loop.iteration.error
redaction.applied
loop.iteration
loop.iteration.error
redaction.applied
loop.iteration
loop.iteration.error
loop.max_iterations
build.empty_diff
plugin.run.complete
plugin.finalize.complete
plugin.init.start
plugin.run.complete
plugin.finalize.complete
plugin.init.start
redaction.applied
plugin.run.complete
plugin.finalize.complete
plugin.init.start
plugin.run.complete
plugin.finalize.complete