### SPEC-12 baseline plugins/agent/monitor/tests/monitor-test.sh

[38;2;0;212;255m[1m  plugin: monitor (kind:agent, one-shot health assessment — issue #758)[0m
[2m  ══════════════════════════════════════════[0m


  [38;2;0;212;255m[SPEC-2] dry-run writes mock monitor-report.json (verdict embedded) without route_to_model[0m
  [38;2;74;222;128m✓[0m [SPEC-2] dry-run run returns rc=0
  [38;2;74;222;128m✓[0m [SPEC-2] monitor-report.json created in dry-run
  [38;2;74;222;128m✓[0m [SPEC-2] dry-run monitor-report.json has .verdict=pass (embedded)
  [38;2;74;222;128m✓[0m [SPEC-2] dry-run does NOT call route_to_model

  [38;2;0;212;255m[SPEC-3] live run: mocked route_to_model rc=0 → monitor-report.json with .verdict=pass[0m
  [38;2;74;222;128m✓[0m [SPEC-3] live run returns rc=0
  [38;2;74;222;128m✓[0m [SPEC-3] monitor-report.json created
  [38;2;74;222;128m✓[0m [SPEC-3] monitor-report.json .verdict=pass on healthy response
  [38;2;74;222;128m✓[0m [SPEC-3] appended bare pass object does NOT override the full report

  [38;2;0;212;255m[SPEC-4] route_to_model failure → primary monitor-report.json (degraded) STILL written, non-zero rc[0m
  [38;2;74;222;128m✓[0m [SPEC-4] monitor-report.json (primary) written on model error
  [38;2;74;222;128m✓[0m [SPEC-4] monitor-report.json .verdict=degraded on model error
  [38;2;74;222;128m✓[0m [SPEC-4] plugin returns non-zero rc on model error (rc=1)

  [38;2;0;212;255m[SPEC-6] monitor's manifest declares monitor.started, monitor.check, monitor.alert[0m
  [38;2;74;222;128m✓[0m [SPEC-6] monitor manifest exists
  [38;2;74;222;128m✓[0m [SPEC-6] manifest declares monitor.started under provides.events
  [38;2;74;222;128m✓[0m [SPEC-6] monitor.started is in the composed known set
  [38;2;74;222;128m✓[0m [SPEC-6] manifest declares monitor.check under provides.events
  [38;2;74;222;128m✓[0m [SPEC-6] monitor.check is in the composed known set
  [38;2;74;222;128m✓[0m [SPEC-6] manifest declares monitor.alert under provides.events
  [38;2;74;222;128m✓[0m [SPEC-6] monitor.alert is in the composed known set

  [38;2;0;212;255m[SPEC-7] validate_manifest passes on plugins/agent/monitor/manifest.yaml[0m
  [38;2;74;222;128m✓[0m [SPEC-7] validate_manifest returns rc=0 for monitor manifest.yaml

  [38;2;0;212;255m[SPEC-8] manifest.yaml has id=monitor, kind=agent, tier_default=T1[0m
  [38;2;74;222;128m✓[0m [SPEC-8] manifest id=monitor
  [38;2;74;222;128m✓[0m [SPEC-8] manifest kind=agent
  [38;2;74;222;128m✓[0m [SPEC-8] manifest config.tier_default=T1

  [38;2;0;212;255m[SPEC-9] plugin.sh contains legacy-citation for pipeline-stages-monitor.sh:150[0m
  [38;2;74;222;128m✓[0m [SPEC-9] plugin.sh contains legacy-citation pipeline-stages-monitor.sh:150

  [38;2;0;212;255m[#1847/SPEC-10] ZBUILD_DRY_RUN=1 still returns rc=0 and writes verdict=pass without calling route_to_model[0m
  [38;2;74;222;128m✓[0m [#1847/SPEC-10] dry-run still returns rc=0
  [38;2;74;222;128m✓[0m [#1847/SPEC-10] dry-run still does NOT call route_to_model
  [38;2;74;222;128m✓[0m [#1847/SPEC-10] dry-run still writes verdict=pass

  [38;2;0;212;255m[#1847/SPEC-11] config.valid_verdicts remains exactly [pass, degraded][0m
  [38;2;74;222;128m✓[0m [#1847/SPEC-11] manifest valid_verdicts has exactly 2 entries
  [38;2;74;222;128m✓[0m [#1847/SPEC-11] manifest valid_verdicts is exactly [pass, degraded]

  [38;2;0;212;255m[#1847/SPEC-12] inputs: still declares only deploy_result and pr_url, both required:false, no restated source/path/type[0m
  [38;2;74;222;128m✓[0m [#1847/SPEC-12] inputs: declares exactly 2 input ids
  [38;2;74;222;128m✓[0m [#1847/SPEC-12] inputs: both entries have required:false
  [38;2;74;222;128m✓[0m [#1847/SPEC-12] inputs: no restated source/path/type keys

  [38;2;0;212;255m[#1847/SPEC-17] manifest still declares provides.events [monitor.alert, monitor.check, monitor.started]; plugin.sh still emits all three[0m
  [38;2;74;222;128m✓[0m [#1847/SPEC-17] manifest still declares monitor.started under provides.events
  [38;2;74;222;128m✓[0m [#1847/SPEC-17] plugin.sh still emits monitor.started
  [38;2;74;222;128m✓[0m [#1847/SPEC-17] manifest still declares monitor.check under provides.events
  [38;2;74;222;128m✓[0m [#1847/SPEC-17] plugin.sh still emits monitor.check
  [38;2;74;222;128m✓[0m [#1847/SPEC-17] manifest still declares monitor.alert under provides.events
  [38;2;74;222;128m✓[0m [#1847/SPEC-17] plugin.sh still emits monitor.alert

  [38;2;0;212;255m[#1847/SPEC-18] deploy_result/pr_url are read via ZBUILD_STAGE_INPUTS — no hardcoded artifacts_dir fallback remains[0m
  [38;2;74;222;128m✓[0m [#1847/SPEC-18] ZBUILD_STAGE_INPUTS-resolved run returns rc=0
  [38;2;74;222;128m✓[0m [#1847/SPEC-18] prompt reflects the ZBUILD_STAGE_INPUTS-resolved deploy_result content
  [38;2;74;222;128m✓[0m [#1847/SPEC-18] prompt reflects the ZBUILD_STAGE_INPUTS-resolved pr_url content
  [38;2;248;113;113m✗[0m [#1847/SPEC-18] plugin.sh contains no hardcoded artifacts_dir deploy-result/pr-url construction
    [2mexpected: , got: 76:    local deploy_result_json="$artifacts_dir/deploy-result.json"
77:    local pr_url_txt="$artifacts_dir/pr-url.txt"[0m
  [38;2;248;113;113m✗[0m [#1847/SPEC-18] with no ZBUILD_STAGE_INPUTS entry, the artifacts_dir copies must NOT reach the prompt (no fallback path)
    [2mmarker leaked into prompt[0m

[2m  ──────────────────────────────────────────[0m

  [38;2;248;113;113m[1m2 of 42 tests failed[0m

  [38;2;248;113;113m✗[0m [#1847/SPEC-18] plugin.sh contains no hardcoded artifacts_dir deploy-result/pr-url construction
  [38;2;248;113;113m✗[0m [#1847/SPEC-18] with no ZBUILD_STAGE_INPUTS entry, the artifacts_dir copies must NOT reach the prompt (no fallback path)

### SPEC-12 baseline tests/unit/monitor-v2-result-test.sh

[38;2;0;212;255m[1m  monitor plugin: v2 result contract (issue #1847)[0m
[2m  ══════════════════════════════════════════[0m


  [38;2;0;212;255m[#1847/SPEC-1] manifest declares provides.result_contract: 2[0m
  [38;2;248;113;113m✗[0m [#1847/SPEC-1] manifest provides.result_contract is 2
    [2mexpected: 2, got: [0m

  [38;2;0;212;255m[#1847/SPEC-7] manifest declares config.router timeout_s:300, max_turns:10[0m
  [38;2;248;113;113m✗[0m [#1847/SPEC-7] manifest config.router.timeout_s is 300
    [2mexpected: 300, got: [0m
  [38;2;248;113;113m✗[0m [#1847/SPEC-7] manifest config.router.max_turns is 10
    [2mexpected: 10, got: [0m

  [38;2;0;212;255m[#1847/SPEC-11] config.valid_verdicts remains exactly [pass, degraded][0m
  [38;2;74;222;128m✓[0m [#1847/SPEC-11] valid_verdicts has exactly 2 entries
  [38;2;74;222;128m✓[0m [#1847/SPEC-11] valid_verdicts includes pass
  [38;2;74;222;128m✓[0m [#1847/SPEC-11] valid_verdicts includes degraded

  [38;2;0;212;255m[#1847/SPEC-12] inputs: declares only deploy_result and pr_url, both required:false, no source/path/type[0m
  [38;2;74;222;128m✓[0m [#1847/SPEC-12] inputs: declares exactly 2 input ids
  [38;2;74;222;128m✓[0m [#1847/SPEC-12] inputs: declares deploy_result
  [38;2;74;222;128m✓[0m [#1847/SPEC-12] inputs: declares pr_url
  [38;2;74;222;128m✓[0m [#1847/SPEC-12] inputs: both entries have required:false
  [38;2;74;222;128m✓[0m [#1847/SPEC-12] inputs: no restated source/path/type keys

  [38;2;0;212;255m[#1847/SPEC-15] outputs: block declares exactly one primary:true entry (monitor_report)[0m
  [38;2;74;222;128m✓[0m [#1847/SPEC-15] manifest has exactly one primary:true output
  [38;2;74;222;128m✓[0m [#1847/SPEC-15] the primary:true output is monitor_report

  [38;2;0;212;255m[#1847/SPEC-16] manifest still declares provides.role: monitor[0m
  [38;2;74;222;128m✓[0m [#1847/SPEC-16] provides.role is monitor

  [38;2;0;212;255m[#1847/SPEC-2] dry-run monitor-report.json carries result_contract:2, disposition:complete[0m
  [38;2;74;222;128m✓[0m [#1847/SPEC-2] dry-run returns rc=0
  [38;2;74;222;128m✓[0m [#1847/SPEC-2] dry-run writes monitor-report.json
  [38;2;248;113;113m✗[0m [#1847/SPEC-2] dry-run: result_contract is 2
    [2mexpected: 2, got: [0m
  [38;2;248;113;113m✗[0m [#1847/SPEC-2] dry-run: disposition is complete
    [2mexpected: complete, got: [0m
  [38;2;248;113;113m✗[0m [#1847/SPEC-20] dry-run: reason key is present and empty
    [2mexpected: , got: MISSING_KEY[0m

  [38;2;0;212;255m[#1847/SPEC-3] live pass-path monitor-report.json carries result_contract:2, disposition:complete, verdict:pass[0m
  [38;2;74;222;128m✓[0m [#1847/SPEC-3] live pass path returns rc=0
  [38;2;74;222;128m✓[0m [#1847/SPEC-3] live pass path writes monitor-report.json
  [38;2;248;113;113m✗[0m [#1847/SPEC-3] live pass path: result_contract is 2
    [2mexpected: 2, got: [0m
  [38;2;248;113;113m✗[0m [#1847/SPEC-3] live pass path: disposition is complete
    [2mexpected: complete, got: [0m
  [38;2;74;222;128m✓[0m [#1847/SPEC-3] live pass path: verdict is still pass (unchanged)
  [38;2;248;113;113m✗[0m [#1847/SPEC-20] live pass path: reason key is present and empty
    [2mexpected: , got: MISSING_KEY[0m

  [38;2;0;212;255m[#1847/SPEC-20] live degraded-verdict path: disposition:complete, reason:"" (verdict itself carries the degradation)[0m
  [38;2;74;222;128m✓[0m [#1847/SPEC-20] live degraded-verdict path writes monitor-report.json
  [38;2;74;222;128m✓[0m [#1847/SPEC-20] live degraded-verdict path: verdict is degraded
  [38;2;248;113;113m✗[0m [#1847/SPEC-20] live degraded-verdict path: disposition is still complete
    [2mexpected: complete, got: [0m
  [38;2;248;113;113m✗[0m [#1847/SPEC-20] live degraded-verdict path: reason key is present and empty
    [2mexpected: , got: MISSING_KEY[0m

  [38;2;0;212;255m[#1847/SPEC-4] route_to_model failure path carries a disposition derived via router_reason_disposition[0m
  [38;2;74;222;128m✓[0m [#1847/SPEC-4] router-failure path writes monitor-report.json
  [38;2;248;113;113m✗[0m [#1847/SPEC-4] router-failure path: disposition is unavailable (router_reason_disposition mapping)
    [2mexpected: unavailable, got: [0m
  [38;2;248;113;113m✗[0m [#1847/SPEC-4] router-failure path: reason names the classified router reason
    [2mexpected: router_rc_nonzero, got: [0m
  [38;2;74;222;128m✓[0m [#1847/SPEC-4] router-failure path returns non-zero rc

  [38;2;0;212;255m[#1847/SPEC-5] unparseable/schema-gate-failed reply path carries disposition:unusable[0m
  [38;2;74;222;128m✓[0m [#1847/SPEC-5] unparseable-reply path writes monitor-report.json
  [38;2;248;113;113m✗[0m [#1847/SPEC-5] unparseable-reply path: disposition is unusable
    [2mexpected: unusable, got: [0m

  [38;2;0;212;255m[#1847/SPEC-6] SIGTERM during route_to_model writes disposition:interrupted, reason:signal_interrupt, and monitor_stage_run returns rc=1 (not raw signal rc)[0m
