### SPEC-16 baseline tests/integration/pr-pipeline-test.sh

[38;2;0;212;255m[1m  pr-delivery agent plugin: real plugin integration (#756)[0m
[2m  ══════════════════════════════════════════[0m

  [38;2;74;222;128m✓[0m [SPEC-1] simple.yaml resolves a non-empty leaf roster
  [38;2;74;222;128m✓[0m [SPEC-1] simple.yaml last leaf stage id is pr
  [38;2;74;222;128m✓[0m [SPEC-2] plugins/agent/pr-delivery/plugin.sh exists
  [38;2;74;222;128m✓[0m [SPEC-2] plugins/agent/pr-delivery/manifest.yaml exists
  [38;2;74;222;128m✓[0m [SPEC-2] manifest id is pr-delivery (no collision with tool/pr-open id:pr)

  [38;2;0;212;255mSPEC-3: dry-run produces artifacts via the real plugin[0m
  [38;2;74;222;128m✓[0m [SPEC-3] dry-run pr_stage_run exits 0
  [38;2;74;222;128m✓[0m [SPEC-3] pr-url.txt written
  [38;2;74;222;128m✓[0m [SPEC-3] pr-result.json written
  [38;2;74;222;128m✓[0m [SPEC-9] dry-run pr-result.json records draft=false (non-draft default)

  [38;2;0;212;255mSPEC-4: review_report block guard (via ZBUILD_STAGE_INPUTS) refuses to open a PR[0m
  [38;2;74;222;128m✓[0m [SPEC-4] review_report block → pr_stage_run returns non-zero
  [38;2;74;222;128m✓[0m [SPEC-4] review_report block → no pr-url.txt written

  [38;2;0;212;255mSPEC-5: delegation to pr-open threads the state file[0m
  [38;2;74;222;128m✓[0m [SPEC-5] non-dry-run pr_stage_run exits 0 (state file threaded to pr-open)
  [38;2;74;222;128m✓[0m [SPEC-5] pr-url.txt written by pr-open delegation
  [38;2;74;222;128m✓[0m [SPEC-5] pr-url.txt holds the gh-created URL
  [38;2;248;113;113m✗[0m [#1844/SPEC-16] pr-result.json reason is empty (pr-delivery wrote it)
    [2mexpected: , got: PR opened[0m
  [38;2;74;222;128m✓[0m [#1844/SPEC-16] pr-result.json result_contract is 2
  [38;2;74;222;128m✓[0m [#1844/SPEC-16] pr-result.json verdict is pass
  [38;2;74;222;128m✓[0m [#1844/SPEC-16] pr-result.json disposition is complete
  [38;2;74;222;128m✓[0m [#1844/SPEC-16] pr-result.json data.pr_url is non-empty
  [38;2;74;222;128m✓[0m [#1844/SPEC-16] pr-result.json data.draft is false

  [38;2;0;212;255mSPEC-6: pr-open surfaces push stderr in pr-result.json[0m
  [38;2;74;222;128m✓[0m [SPEC-6] pr_open_run returns 1 on genuine push failure (#1849: v2 rc ∈ {0,1})
  [38;2;74;222;128m✓[0m [SPEC-6] pr-result.json .reason surfaces the real push stderr

  [38;2;0;212;255m#1844/SPEC-8: pr-open blocked verdict → pr-delivery rc=1/error/complete/review_signal_missing[0m
  [38;2;74;222;128m✓[0m [#1844/SPEC-8] pr-open blocked → rc=1
  [38;2;74;222;128m✓[0m [#1844/SPEC-8] pr-result.json result_contract is 2
  [38;2;248;113;113m✗[0m [#1844/SPEC-8] pr-result.json verdict is error
    [2mexpected: error, got: blocked[0m
  [38;2;74;222;128m✓[0m [#1844/SPEC-8] pr-result.json disposition is complete
  [38;2;74;222;128m✓[0m [#1844/SPEC-8] pr-result.json reason contains review_signal_missing

  [38;2;0;212;255m#1844/SPEC-10: fallback gh-pr-create failure → rc=1/error/unavailable[0m
  [38;2;74;222;128m✓[0m [#1844/SPEC-10] fallback gh failure → rc=1
  [38;2;248;113;113m✗[0m [#1844/SPEC-10] pr-result.json result_contract is 2
    [2mexpected: 2, got: [0m
  [38;2;248;113;113m✗[0m [#1844/SPEC-10] pr-result.json verdict is error
    [2mexpected: error, got: [0m
  [38;2;248;113;113m✗[0m [#1844/SPEC-10] pr-result.json disposition is unavailable
    [2mexpected: unavailable, got: [0m

[2m  ──────────────────────────────────────────[0m

  [38;2;248;113;113m[1m5 of 31 tests failed[0m

  [38;2;248;113;113m✗[0m [#1844/SPEC-16] pr-result.json reason is empty (pr-delivery wrote it)
  [38;2;248;113;113m✗[0m [#1844/SPEC-8] pr-result.json verdict is error
  [38;2;248;113;113m✗[0m [#1844/SPEC-10] pr-result.json result_contract is 2
  [38;2;248;113;113m✗[0m [#1844/SPEC-10] pr-result.json verdict is error
  [38;2;248;113;113m✗[0m [#1844/SPEC-10] pr-result.json disposition is unavailable

### SPEC-16 head tests/integration/pr-pipeline-test.sh

[38;2;0;212;255m[1m  pr-delivery agent plugin: real plugin integration (#756)[0m
[2m  ══════════════════════════════════════════[0m

  [38;2;74;222;128m✓[0m [SPEC-1] simple.yaml resolves a non-empty leaf roster
  [38;2;74;222;128m✓[0m [SPEC-1] simple.yaml last leaf stage id is pr
  [38;2;74;222;128m✓[0m [SPEC-2] plugins/agent/pr-delivery/plugin.sh exists
  [38;2;74;222;128m✓[0m [SPEC-2] plugins/agent/pr-delivery/manifest.yaml exists
  [38;2;74;222;128m✓[0m [SPEC-2] manifest id is pr-delivery (no collision with tool/pr-open id:pr)

  [38;2;0;212;255mSPEC-3: dry-run produces artifacts via the real plugin[0m
  [38;2;74;222;128m✓[0m [SPEC-3] dry-run pr_stage_run exits 0
  [38;2;74;222;128m✓[0m [SPEC-3] pr-url.txt written
  [38;2;74;222;128m✓[0m [SPEC-3] pr-result.json written
  [38;2;74;222;128m✓[0m [SPEC-9] dry-run pr-result.json records draft=false (non-draft default)

  [38;2;0;212;255mSPEC-4: review_report block guard (via ZBUILD_STAGE_INPUTS) refuses to open a PR[0m
  [38;2;74;222;128m✓[0m [SPEC-4] review_report block → pr_stage_run returns non-zero
  [38;2;74;222;128m✓[0m [SPEC-4] review_report block → no pr-url.txt written

  [38;2;0;212;255mSPEC-5: delegation to pr-open threads the state file[0m
  [38;2;74;222;128m✓[0m [SPEC-5] non-dry-run pr_stage_run exits 0 (state file threaded to pr-open)
  [38;2;74;222;128m✓[0m [SPEC-5] pr-url.txt written by pr-open delegation
  [38;2;74;222;128m✓[0m [SPEC-5] pr-url.txt holds the gh-created URL
  [38;2;74;222;128m✓[0m [#1844/SPEC-16] pr-result.json reason is empty (pr-delivery wrote it)
  [38;2;74;222;128m✓[0m [#1844/SPEC-16] pr-result.json result_contract is 2
  [38;2;74;222;128m✓[0m [#1844/SPEC-16] pr-result.json verdict is pass
  [38;2;74;222;128m✓[0m [#1844/SPEC-16] pr-result.json disposition is complete
  [38;2;74;222;128m✓[0m [#1844/SPEC-16] pr-result.json data.pr_url is non-empty
  [38;2;74;222;128m✓[0m [#1844/SPEC-16] pr-result.json data.draft is false

  [38;2;0;212;255mSPEC-6: pr-open surfaces push stderr in pr-result.json[0m
  [38;2;74;222;128m✓[0m [SPEC-6] pr_open_run returns 1 on genuine push failure (#1849: v2 rc ∈ {0,1})
  [38;2;74;222;128m✓[0m [SPEC-6] pr-result.json .reason surfaces the real push stderr

  [38;2;0;212;255m#1844/SPEC-8: pr-open blocked verdict → pr-delivery rc=1/error/complete/review_signal_missing[0m
  [38;2;74;222;128m✓[0m [#1844/SPEC-8] pr-open blocked → rc=1
  [38;2;74;222;128m✓[0m [#1844/SPEC-8] pr-result.json result_contract is 2
  [38;2;74;222;128m✓[0m [#1844/SPEC-8] pr-result.json verdict is error
  [38;2;74;222;128m✓[0m [#1844/SPEC-8] pr-result.json disposition is complete
  [38;2;74;222;128m✓[0m [#1844/SPEC-8] pr-result.json reason contains review_signal_missing

  [38;2;0;212;255m#1844/SPEC-10: fallback gh-pr-create failure → rc=1/error/unavailable[0m
  [38;2;74;222;128m✓[0m [#1844/SPEC-10] fallback gh failure → rc=1
  [38;2;74;222;128m✓[0m [#1844/SPEC-10] pr-result.json result_contract is 2
  [38;2;74;222;128m✓[0m [#1844/SPEC-10] pr-result.json verdict is error
  [38;2;74;222;128m✓[0m [#1844/SPEC-10] pr-result.json disposition is unavailable

[2m  ──────────────────────────────────────────[0m

  [38;2;74;222;128m[1mAll 31 tests passed[0m

