### SPEC-2 baseline tests/integration/cycle-member-unfinished-no-convergence-test.sh

[38;2;0;212;255m[1m  cycle: unfinished member suppresses false convergence (#2032)[0m
[2m  ══════════════════════════════════════════[0m

  [38;2;248;113;113m✗[0m [#2032/SPEC-1] cycle.member_unfinished.suppressed_convergence is declared in config/event-schema.json
    [2mexpected: 1, got: 0[0m

  [38;2;0;212;255mSPEC-2: all-complete exit_when converges; suppression block absent[0m
══ dvc [cycle] seq=1 input ═════════════════════════════════════ 00:21:23 UTC ══
(no feedback — first iteration)


══ dvc [cycle] seq=1 output OK 1.0s ════════════════════════════ 00:21:24 UTC ══
exit_when stage=design-gate field=verdict op=eq value=pass → MATCHED (got=pass)
health: progress=0 (no progress) - defects=0 → score=0
── end stage-io: dvc ✓ ──
  [38;2;74;222;128m✓[0m [#2032/SPEC-2] all-complete exit_when: rc=0 (converged)
  [38;2;74;222;128m✓[0m [#2032/SPEC-2] converged on the first iteration (no suppression needed)
  [38;2;74;222;128m✓[0m [#2032/SPEC-2] terminated with reason=converged
  [38;2;74;222;128m✓[0m [#2032/SPEC-2] suppression block did NOT fire (all members were complete)

  [38;2;0;212;255mSPEC-1: unfinished member suppresses convergence — cycle iterates instead[0m
══ dvc [cycle] seq=1 input ═════════════════════════════════════ 00:21:24 UTC ══
(no feedback — first iteration)


══ dvc [cycle] seq=1 output OK 0.8s ════════════════════════════ 00:21:25 UTC ══
exit_when stage=design-gate field=verdict op=eq value=pass → MATCHED (got=pass)
health: progress=0 (no progress) - defects=0 → score=0
── end stage-io: dvc ✓ ──
  [38;2;74;222;128m✓[0m [#2032/SPEC-1] unfinished member blocks convergence: rc=0 (converges on iter 2, not iter 1)
  [38;2;248;113;113m✗[0m [#2032/SPEC-1] cycle ran 2 iterations (not 1): the suppressed iter forced another
    [2mexpected: 2, got: 1[0m
  [38;2;248;113;113m✗[0m [#2032/SPEC-1] cycle.member_unfinished.suppressed_convergence was emitted once
    [2mexpected: 1, got: 0[0m

  [38;2;0;212;255mSPEC-1: out_of_turns member suppresses convergence — cycle iterates instead[0m
══ dvc [cycle] seq=1 input ═════════════════════════════════════ 00:21:26 UTC ══
(no feedback — first iteration)


══ dvc [cycle] seq=1 output OK 0.8s ════════════════════════════ 00:21:26 UTC ══
exit_when stage=design-gate field=verdict op=eq value=pass → MATCHED (got=pass)
health: progress=0 (no progress) - defects=0 → score=0
── end stage-io: dvc ✓ ──
  [38;2;74;222;128m✓[0m [#2032/SPEC-1] out_of_turns member blocks convergence: rc=0 (converges on iter 2)
  [38;2;248;113;113m✗[0m [#2032/SPEC-1] cycle ran 2 iterations with out_of_turns suppression
    [2mexpected: 2, got: 1[0m
  [38;2;248;113;113m✗[0m [#2032/SPEC-1] suppression block fired for out_of_turns member
    [2mexpected: 1, got: 0[0m

  [38;2;0;212;255mSPEC-1: interrupted member suppresses convergence — cycle iterates instead[0m
══ dvc [cycle] seq=1 input ═════════════════════════════════════ 00:21:27 UTC ══
(no feedback — first iteration)


══ dvc [cycle] seq=1 output OK 0.8s ════════════════════════════ 00:21:28 UTC ══
exit_when stage=design-gate field=verdict op=eq value=pass → MATCHED (got=pass)
health: progress=0 (no progress) - defects=0 → score=0
── end stage-io: dvc ✓ ──
  [38;2;74;222;128m✓[0m [#2032/SPEC-1] interrupted member blocks convergence: rc=0 (converges on iter 2)
  [38;2;248;113;113m✗[0m [#2032/SPEC-1] cycle ran 2 iterations with interrupted suppression
    [2mexpected: 2, got: 1[0m
  [38;2;248;113;113m✗[0m [#2032/SPEC-1] suppression block fired for interrupted member
    [2mexpected: 1, got: 0[0m

  [38;2;0;212;255mSPEC-6: unfinished at max_iterations — exhaustion path, not rc=0 complete[0m
══ dvc [cycle] seq=1 input ═════════════════════════════════════ 00:21:28 UTC ══
(no feedback — first iteration)


══ dvc [cycle] seq=1 output OK 0.8s ════════════════════════════ 00:21:29 UTC ══
exit_when stage=design-gate field=verdict op=eq value=pass → MATCHED (got=pass)
health: progress=0 (no progress) - defects=0 → score=0
── end stage-io: dvc ✓ ──
  [38;2;248;113;113m✗[0m [#2032/SPEC-6] unfinished at max_iterations: rc=8 (exhaustion halt, not rc=0 complete)
    [2mexpected: 8, got: 0[0m
  [38;2;248;113;113m✗[0m [#2032/SPEC-6] terminated reason is design_timeout_exhausted
    [2mexpected: design_timeout_exhausted, got: converged[0m
  [38;2;248;113;113m✗[0m [#2032/SPEC-6] cycle.timeout_exhausted was emitted
    [2mexpected: 1, got: 0[0m
  [38;2;248;113;113m✗[0m [#2032/SPEC-6] cycle.timeout_exhausted reason=design_timeout_exhausted
    [2mexpected: design_timeout_exhausted, got: [0m
  [38;2;248;113;113m✗[0m [#2032/SPEC-6] suppression block fired on both iterations preventing false complete
    [2mexpected: 2, got: 0[0m

[2m  ──────────────────────────────────────────[0m

  [38;2;248;113;113m[1m12 of 19 tests failed[0m

  [38;2;248;113;113m✗[0m [#2032/SPEC-1] cycle.member_unfinished.suppressed_convergence is declared in config/event-schema.json
  [38;2;248;113;113m✗[0m [#2032/SPEC-1] cycle ran 2 iterations (not 1): the suppressed iter forced another
  [38;2;248;113;113m✗[0m [#2032/SPEC-1] cycle.member_unfinished.suppressed_convergence was emitted once
  [38;2;248;113;113m✗[0m [#2032/SPEC-1] cycle ran 2 iterations with out_of_turns suppression
  [38;2;248;113;113m✗[0m [#2032/SPEC-1] suppression block fired for out_of_turns member
  [38;2;248;113;113m✗[0m [#2032/SPEC-1] cycle ran 2 iterations with interrupted suppression
  [38;2;248;113;113m✗[0m [#2032/SPEC-1] suppression block fired for interrupted member
  [38;2;248;113;113m✗[0m [#2032/SPEC-6] unfinished at max_iterations: rc=8 (exhaustion halt, not rc=0 complete)
  [38;2;248;113;113m✗[0m [#2032/SPEC-6] terminated reason is design_timeout_exhausted
  [38;2;248;113;113m✗[0m [#2032/SPEC-6] cycle.timeout_exhausted was emitted
  [38;2;248;113;113m✗[0m [#2032/SPEC-6] cycle.timeout_exhausted reason=design_timeout_exhausted
  [38;2;248;113;113m✗[0m [#2032/SPEC-6] suppression block fired on both iterations preventing false complete

