### SPEC-9 baseline tests/unit/adr-063-vocabulary-test.sh

[38;2;0;212;255m[1m  ADR-063 vocabulary and structure (#2032)[0m
[2m  ══════════════════════════════════════════[0m

  [38;2;248;113;113m✗[0m [#2032/SPEC-7] ADR-063 status header reads Accepted
    [2moutput missing: Accepted[0m
  [38;2;248;113;113m✗[0m [#2032/SPEC-7] §3 does not prescribe disposition:exhausted (vocabulary retired by #2187)
    [2mexpected: 0, got: 2[0m
  [38;2;248;113;113m✗[0m [#2032/SPEC-7] §4 does not prescribe exhausted→escalate action (vocabulary retired by #2187)
    [2mexpected: 0, got: 2[0m
  [38;2;248;113;113m✗[0m [#2032/SPEC-8] §1 baseline single-helper sentence is absent (replaced by per-stage helpers)
    [2mexpected: 0, got: 1[0m
  [38;2;248;113;113m✗[0m [#2032/SPEC-8] §1 contains per-stage _<stage>_budget_guidance helper language
    [2mexpected >0, got: 0[0m
  [38;2;248;113;113m✗[0m [#2032/SPEC-9] ADR-063 contains amendment back-pointer naming #2187
    [2mexpected >0, got: 0[0m

[2m  ──────────────────────────────────────────[0m

  [38;2;248;113;113m[1m6 of 6 tests failed[0m

  [38;2;248;113;113m✗[0m [#2032/SPEC-7] ADR-063 status header reads Accepted
  [38;2;248;113;113m✗[0m [#2032/SPEC-7] §3 does not prescribe disposition:exhausted (vocabulary retired by #2187)
  [38;2;248;113;113m✗[0m [#2032/SPEC-7] §4 does not prescribe exhausted→escalate action (vocabulary retired by #2187)
  [38;2;248;113;113m✗[0m [#2032/SPEC-8] §1 baseline single-helper sentence is absent (replaced by per-stage helpers)
  [38;2;248;113;113m✗[0m [#2032/SPEC-8] §1 contains per-stage _<stage>_budget_guidance helper language
  [38;2;248;113;113m✗[0m [#2032/SPEC-9] ADR-063 contains amendment back-pointer naming #2187

### SPEC-9 head tests/unit/adr-063-vocabulary-test.sh

[38;2;0;212;255m[1m  ADR-063 vocabulary and structure (#2032)[0m
[2m  ══════════════════════════════════════════[0m

  [38;2;74;222;128m✓[0m [#2032/SPEC-7] ADR-063 status header reads Accepted
  [38;2;74;222;128m✓[0m [#2032/SPEC-7] §3 does not prescribe disposition:exhausted (vocabulary retired by #2187)
  [38;2;74;222;128m✓[0m [#2032/SPEC-7] §4 does not prescribe exhausted→escalate action (vocabulary retired by #2187)
  [38;2;74;222;128m✓[0m [#2032/SPEC-8] §1 baseline single-helper sentence is absent (replaced by per-stage helpers)
  [38;2;74;222;128m✓[0m [#2032/SPEC-8] §1 contains per-stage _<stage>_budget_guidance helper language
  [38;2;74;222;128m✓[0m [#2032/SPEC-9] ADR-063 contains amendment back-pointer naming #2187

[2m  ──────────────────────────────────────────[0m

  [38;2;74;222;128m[1mAll 6 tests passed[0m

