### SPEC-5 baseline tests/unit/review-report-v2-contract-test.sh

[38;2;0;212;255m[1m  review-report — stage contract v2 (#1843)[0m
[2m  ══════════════════════════════════════════[0m

  [38;2;74;222;128m✓[0m [SPEC-1] provides.result_contract: 2
  [38;2;74;222;128m✓[0m [SPEC-1] config.router.timeout_s declared
  [38;2;74;222;128m✓[0m [SPEC-1] config.router.max_turns declared
  [38;2;74;222;128m✓[0m [SPEC-1] valid_verdicts declares pass
  [38;2;74;222;128m✓[0m [SPEC-1] valid_verdicts declares error
  [38;2;74;222;128m✓[0m [SPEC-1] review_report output is primary: true
  [38;2;74;222;128m✓[0m [SPEC-2] normal run rc=0
  [38;2;74;222;128m✓[0m [SPEC-2] primary result_contract is 2
  [38;2;74;222;128m✓[0m [SPEC-2] primary verdict=pass
  [38;2;74;222;128m✓[0m [SPEC-2] primary disposition=complete
  [38;2;74;222;128m✓[0m [SPEC-2] primary reason is non-empty text
  [38;2;74;222;128m✓[0m [SPEC-2] primary carries a data object
  [38;2;74;222;128m✓[0m [SPEC-2] merge_readiness still top-level (pr-open reads it)
  [38;2;74;222;128m✓[0m [SPEC-2] lenses still top-level
  [38;2;74;222;128m✓[0m [SPEC-2] findings still top-level
  [38;2;74;222;128m✓[0m [SPEC-6] needs_attention report still verdict=pass (no coercion)
  [38;2;74;222;128m✓[0m [SPEC-3] missing state_file → rc=1 (ADR-054 §4: rc ∈ {0,1})
  [38;2;74;222;128m✓[0m [SPEC-3] missing state_file → result_contract 2 at $ZBUILD_ARTIFACT_DIR
  [38;2;74;222;128m✓[0m [SPEC-3] missing state_file → verdict=error
  [38;2;74;222;128m✓[0m [SPEC-3] missing state_file → disposition=broken
  [38;2;74;222;128m✓[0m [SPEC-3] missing state_file → summary written (ADR-055 §9)
  [38;2;74;222;128m✓[0m [SPEC-4] missing out_json → rc=1
  [38;2;74;222;128m✓[0m [SPEC-4] missing out_json → verdict=error
  [38;2;74;222;128m✓[0m [SPEC-4] missing out_json → disposition=broken
  [38;2;74;222;128m✓[0m [SPEC-5] failed lens → rc=0 (advisory never aborts)
  [38;2;248;113;113m✗[0m [SPEC-5] failed lens → disposition classified from first failed lens rc (rc=1 → router_rc_nonzero → unavailable)
    [2mexpected: unavailable, got: complete[0m
  [38;2;74;222;128m✓[0m [SPEC-5] failed lens → verdict stays pass
  [38;2;74;222;128m✓[0m [SPEC-5] reason names the lens that failed
  [38;2;74;222;128m✓[0m [SPEC-7] lens prompt carries a TURN BUDGET block
  [38;2;74;222;128m✓[0m [SPEC-7] block reflects ZBUILD_ROUTER_MAX_TURNS=77 (from _route_resolve_max_turns)
  [38;2;74;222;128m✓[0m [SPEC-7] block reflects ZBUILD_ROUTER_TIMEOUT=123 (from _route_resolve_timeout)
  [38;2;74;222;128m✓[0m [SPEC-7] the engine's escalation override wins in the block too
  [38;2;74;222;128m✓[0m [SPEC-8] envelope followed by a brace-bearing sign-off is recovered (finding kept)
  [38;2;74;222;128m✓[0m [SPEC-8] recovered lens keeps its score
  [38;2;74;222;128m✓[0m [SPEC-8] unparseable reply → rc=0
  [38;2;74;222;128m✓[0m [SPEC-8] unparseable reply still emits review_report.lens.unparseable (visible failure kept)
  [38;2;74;222;128m✓[0m [SPEC-8] unparseable reply → lens reports nothing, not a fabricated score
  [38;2;74;222;128m✓[0m [SPEC-9] scope_manifest resolved from the ZBUILD_STAGE_INPUTS index
  [38;2;74;222;128m✓[0m [SPEC-9] hook path writes a complete v2 primary
  [38;2;74;222;128m✓[0m [SPEC-9] real fan-out restored after the mock (11 lens calls again)
  [38;2;74;222;128m✓[0m [SPEC-9] plugin.sh constructs no scope-manifest.md path
  [38;2;74;222;128m✓[0m [SPEC-10] plugin.sh contains no 'return 2'
  [38;2;74;222;128m✓[0m [SPEC-11] manifest declares no review-report-result.json output
  [38;2;74;222;128m✓[0m [SPEC-11] plugin.sh writes no review-report-result.json
  [38;2;74;222;128m✓[0m [SPEC-11] normal run leaves no sidecar
  [38;2;74;222;128m✓[0m [SPEC-12] tier unresolved → rc=1
  [38;2;74;222;128m✓[0m [SPEC-12] tier unresolved → verdict=error
  [38;2;74;222;128m✓[0m [SPEC-12] tier unresolved → disposition=misconfigured (#2187)

[2m  ──────────────────────────────────────────[0m

  [38;2;248;113;113m[1m1 of 48 tests failed[0m

  [38;2;248;113;113m✗[0m [SPEC-5] failed lens → disposition classified from first failed lens rc (rc=1 → router_rc_nonzero → unavailable)

### SPEC-5 head tests/unit/review-report-v2-contract-test.sh

[38;2;0;212;255m[1m  review-report — stage contract v2 (#1843)[0m
[2m  ══════════════════════════════════════════[0m

  [38;2;74;222;128m✓[0m [SPEC-1] provides.result_contract: 2
  [38;2;74;222;128m✓[0m [SPEC-1] config.router.timeout_s declared
  [38;2;74;222;128m✓[0m [SPEC-1] config.router.max_turns declared
  [38;2;74;222;128m✓[0m [SPEC-1] valid_verdicts declares pass
  [38;2;74;222;128m✓[0m [SPEC-1] valid_verdicts declares error
  [38;2;74;222;128m✓[0m [SPEC-1] review_report output is primary: true
  [38;2;74;222;128m✓[0m [SPEC-2] normal run rc=0
  [38;2;74;222;128m✓[0m [SPEC-2] primary result_contract is 2
  [38;2;74;222;128m✓[0m [SPEC-2] primary verdict=pass
  [38;2;74;222;128m✓[0m [SPEC-2] primary disposition=complete
  [38;2;74;222;128m✓[0m [SPEC-2] primary reason is non-empty text
  [38;2;74;222;128m✓[0m [SPEC-2] primary carries a data object
  [38;2;74;222;128m✓[0m [SPEC-2] merge_readiness still top-level (pr-open reads it)
  [38;2;74;222;128m✓[0m [SPEC-2] lenses still top-level
  [38;2;74;222;128m✓[0m [SPEC-2] findings still top-level
  [38;2;74;222;128m✓[0m [SPEC-6] needs_attention report still verdict=pass (no coercion)
  [38;2;74;222;128m✓[0m [SPEC-3] missing state_file → rc=1 (ADR-054 §4: rc ∈ {0,1})
  [38;2;74;222;128m✓[0m [SPEC-3] missing state_file → result_contract 2 at $ZBUILD_ARTIFACT_DIR
  [38;2;74;222;128m✓[0m [SPEC-3] missing state_file → verdict=error
  [38;2;74;222;128m✓[0m [SPEC-3] missing state_file → disposition=broken
  [38;2;74;222;128m✓[0m [SPEC-3] missing state_file → summary written (ADR-055 §9)
  [38;2;74;222;128m✓[0m [SPEC-4] missing out_json → rc=1
  [38;2;74;222;128m✓[0m [SPEC-4] missing out_json → verdict=error
  [38;2;74;222;128m✓[0m [SPEC-4] missing out_json → disposition=broken
  [38;2;74;222;128m✓[0m [SPEC-5] failed lens → rc=0 (advisory never aborts)
  [38;2;74;222;128m✓[0m [SPEC-5] failed lens → disposition classified from first failed lens rc (rc=1 → router_rc_nonzero → unavailable)
  [38;2;74;222;128m✓[0m [SPEC-5] failed lens → verdict stays pass
  [38;2;74;222;128m✓[0m [SPEC-5] reason names the lens that failed
  [38;2;74;222;128m✓[0m [SPEC-7] lens prompt carries a TURN BUDGET block
  [38;2;74;222;128m✓[0m [SPEC-7] block reflects ZBUILD_ROUTER_MAX_TURNS=77 (from _route_resolve_max_turns)
  [38;2;74;222;128m✓[0m [SPEC-7] block reflects ZBUILD_ROUTER_TIMEOUT=123 (from _route_resolve_timeout)
  [38;2;74;222;128m✓[0m [SPEC-7] the engine's escalation override wins in the block too
  [38;2;74;222;128m✓[0m [SPEC-8] envelope followed by a brace-bearing sign-off is recovered (finding kept)
  [38;2;74;222;128m✓[0m [SPEC-8] recovered lens keeps its score
  [38;2;74;222;128m✓[0m [SPEC-8] unparseable reply → rc=0
  [38;2;74;222;128m✓[0m [SPEC-8] unparseable reply still emits review_report.lens.unparseable (visible failure kept)
  [38;2;74;222;128m✓[0m [SPEC-8] unparseable reply → lens reports nothing, not a fabricated score
  [38;2;74;222;128m✓[0m [SPEC-9] scope_manifest resolved from the ZBUILD_STAGE_INPUTS index
  [38;2;74;222;128m✓[0m [SPEC-9] hook path writes a complete v2 primary
  [38;2;74;222;128m✓[0m [SPEC-9] real fan-out restored after the mock (11 lens calls again)
  [38;2;74;222;128m✓[0m [SPEC-9] plugin.sh constructs no scope-manifest.md path
  [38;2;74;222;128m✓[0m [SPEC-10] plugin.sh contains no 'return 2'
  [38;2;74;222;128m✓[0m [SPEC-11] manifest declares no review-report-result.json output
  [38;2;74;222;128m✓[0m [SPEC-11] plugin.sh writes no review-report-result.json
  [38;2;74;222;128m✓[0m [SPEC-11] normal run leaves no sidecar
  [38;2;74;222;128m✓[0m [SPEC-12] tier unresolved → rc=1
  [38;2;74;222;128m✓[0m [SPEC-12] tier unresolved → verdict=error
  [38;2;74;222;128m✓[0m [SPEC-12] tier unresolved → disposition=misconfigured (#2187)

[2m  ──────────────────────────────────────────[0m

  [38;2;74;222;128m[1mAll 48 tests passed[0m

