### config/event-schema.json reverted tests/integration/cycle-member-unfinished-no-convergence-test.sh

[38;2;0;212;255m[1m  cycle: unfinished member suppresses false convergence (#2032)[0m
[2m  ══════════════════════════════════════════[0m

  [38;2;248;113;113m✗[0m [#2032/SPEC-1] cycle.member_unfinished.suppressed_convergence is declared in config/event-schema.json
    [2mexpected: 1, got: 0[0m

  [38;2;0;212;255mSPEC-2: all-complete exit_when converges; suppression block absent[0m
══ dvc [cycle] seq=1 input ═════════════════════════════════════ 00:24:57 UTC ══
(no feedback — first iteration)


══ dvc [cycle] seq=1 output OK 1.1s ════════════════════════════ 00:24:59 UTC ══
exit_when stage=design-gate field=verdict op=eq value=pass → MATCHED (got=pass)
health: progress=0 (no progress) - defects=0 → score=0
── end stage-io: dvc ✓ ──
  [38;2;74;222;128m✓[0m [#2032/SPEC-2] all-complete exit_when: rc=0 (converged)
  [38;2;74;222;128m✓[0m [#2032/SPEC-2] converged on the first iteration (no suppression needed)
  [38;2;74;222;128m✓[0m [#2032/SPEC-2] terminated with reason=converged
  [38;2;74;222;128m✓[0m [#2032/SPEC-2] suppression block did NOT fire (all members were complete)

  [38;2;0;212;255mSPEC-1: unfinished member suppresses convergence — cycle iterates instead[0m
══ dvc [cycle] seq=1 input ═════════════════════════════════════ 00:24:59 UTC ══
(no feedback — first iteration)


══ dvc [cycle] seq=1 output OK 0.9s ════════════════════════════ 00:25:00 UTC ══
exit_when stage=design-gate field=verdict op=eq value=pass → MATCHED (got=pass)
health: progress=0 (no progress) - defects=0 → score=0
── end stage-io: dvc ✓ ──

══ dvc [cycle] seq=2 input ═════════════════════════════════════ 00:25:01 UTC ══
(no feedback edges, no stage summaries)


══ dvc [cycle] seq=2 output OK 0.9s ════════════════════════════ 00:25:02 UTC ══
exit_when stage=design-gate field=verdict op=eq value=pass → MATCHED (got=pass)
health: progress=0 (no progress) - defects=0 → score=0
── end stage-io: dvc ✓ ──
  [38;2;74;222;128m✓[0m [#2032/SPEC-1] unfinished member blocks convergence: rc=0 (converges on iter 2, not iter 1)
  [38;2;74;222;128m✓[0m [#2032/SPEC-1] cycle ran 2 iterations (not 1): the suppressed iter forced another
  [38;2;74;222;128m✓[0m [#2032/SPEC-1] cycle.member_unfinished.suppressed_convergence was emitted once

  [38;2;0;212;255mSPEC-1: out_of_turns member suppresses convergence — cycle iterates instead[0m
══ dvc [cycle] seq=1 input ═════════════════════════════════════ 00:25:03 UTC ══
(no feedback — first iteration)


══ dvc [cycle] seq=1 output OK 0.9s ════════════════════════════ 00:25:04 UTC ══
exit_when stage=design-gate field=verdict op=eq value=pass → MATCHED (got=pass)
health: progress=0 (no progress) - defects=0 → score=0
── end stage-io: dvc ✓ ──

══ dvc [cycle] seq=2 input ═════════════════════════════════════ 00:25:05 UTC ══
(no feedback edges, no stage summaries)


══ dvc [cycle] seq=2 output OK 0.8s ════════════════════════════ 00:25:06 UTC ══
exit_when stage=design-gate field=verdict op=eq value=pass → MATCHED (got=pass)
health: progress=0 (no progress) - defects=0 → score=0
── end stage-io: dvc ✓ ──
  [38;2;74;222;128m✓[0m [#2032/SPEC-1] out_of_turns member blocks convergence: rc=0 (converges on iter 2)
  [38;2;74;222;128m✓[0m [#2032/SPEC-1] cycle ran 2 iterations with out_of_turns suppression
  [38;2;74;222;128m✓[0m [#2032/SPEC-1] suppression block fired for out_of_turns member

  [38;2;0;212;255mSPEC-1: interrupted member suppresses convergence — cycle iterates instead[0m
══ dvc [cycle] seq=1 input ═════════════════════════════════════ 00:25:07 UTC ══
(no feedback — first iteration)


══ dvc [cycle] seq=1 output OK 0.9s ════════════════════════════ 00:25:08 UTC ══
exit_when stage=design-gate field=verdict op=eq value=pass → MATCHED (got=pass)
health: progress=0 (no progress) - defects=0 → score=0
── end stage-io: dvc ✓ ──

══ dvc [cycle] seq=2 input ═════════════════════════════════════ 00:25:09 UTC ══
(no feedback edges, no stage summaries)


══ dvc [cycle] seq=2 output OK 0.8s ════════════════════════════ 00:25:10 UTC ══
exit_when stage=design-gate field=verdict op=eq value=pass → MATCHED (got=pass)
health: progress=0 (no progress) - defects=0 → score=0
── end stage-io: dvc ✓ ──
  [38;2;74;222;128m✓[0m [#2032/SPEC-1] interrupted member blocks convergence: rc=0 (converges on iter 2)
  [38;2;74;222;128m✓[0m [#2032/SPEC-1] cycle ran 2 iterations with interrupted suppression
  [38;2;74;222;128m✓[0m [#2032/SPEC-1] suppression block fired for interrupted member

  [38;2;0;212;255mSPEC-6: unfinished at max_iterations — exhaustion path, not rc=0 complete[0m
══ dvc [cycle] seq=1 input ═════════════════════════════════════ 00:25:11 UTC ══
(no feedback — first iteration)


══ dvc [cycle] seq=1 output OK 0.9s ════════════════════════════ 00:25:11 UTC ══
exit_when stage=design-gate field=verdict op=eq value=pass → MATCHED (got=pass)
health: progress=0 (no progress) - defects=0 → score=0
── end stage-io: dvc ✓ ──

══ dvc [cycle] seq=2 input ═════════════════════════════════════ 00:25:14 UTC ══
(no feedback edges, no stage summaries)


══ dvc [cycle] seq=2 output OK 0.9s ════════════════════════════ 00:25:14 UTC ══
exit_when stage=design-gate field=verdict op=eq value=pass → MATCHED (got=pass)
health: progress=0 (no progress) - defects=0 → score=0
── end stage-io: dvc ✓ ──
  [38;2;74;222;128m✓[0m [#2032/SPEC-6] unfinished at max_iterations: rc=8 (exhaustion halt, not rc=0 complete)
  [38;2;74;222;128m✓[0m [#2032/SPEC-6] terminated reason is design_timeout_exhausted
  [38;2;74;222;128m✓[0m [#2032/SPEC-6] cycle.timeout_exhausted was emitted
  [38;2;74;222;128m✓[0m [#2032/SPEC-6] cycle.timeout_exhausted reason=design_timeout_exhausted
  [38;2;74;222;128m✓[0m [#2032/SPEC-6] suppression block fired on both iterations preventing false complete

[2m  ──────────────────────────────────────────[0m

  [38;2;248;113;113m[1m1 of 19 tests failed[0m

  [38;2;248;113;113m✗[0m [#2032/SPEC-1] cycle.member_unfinished.suppressed_convergence is declared in config/event-schema.json

### config/event-schema.json head tests/integration/cycle-member-unfinished-no-convergence-test.sh

[38;2;0;212;255m[1m  cycle: unfinished member suppresses false convergence (#2032)[0m
[2m  ══════════════════════════════════════════[0m

  [38;2;74;222;128m✓[0m [#2032/SPEC-1] cycle.member_unfinished.suppressed_convergence is declared in config/event-schema.json

  [38;2;0;212;255mSPEC-2: all-complete exit_when converges; suppression block absent[0m
══ dvc [cycle] seq=1 input ═════════════════════════════════════ 00:22:26 UTC ══
(no feedback — first iteration)


══ dvc [cycle] seq=1 output OK 1.0s ════════════════════════════ 00:22:27 UTC ══
exit_when stage=design-gate field=verdict op=eq value=pass → MATCHED (got=pass)
health: progress=0 (no progress) - defects=0 → score=0
── end stage-io: dvc ✓ ──
  [38;2;74;222;128m✓[0m [#2032/SPEC-2] all-complete exit_when: rc=0 (converged)
  [38;2;74;222;128m✓[0m [#2032/SPEC-2] converged on the first iteration (no suppression needed)
  [38;2;74;222;128m✓[0m [#2032/SPEC-2] terminated with reason=converged
  [38;2;74;222;128m✓[0m [#2032/SPEC-2] suppression block did NOT fire (all members were complete)

  [38;2;0;212;255mSPEC-1: unfinished member suppresses convergence — cycle iterates instead[0m
══ dvc [cycle] seq=1 input ═════════════════════════════════════ 00:22:27 UTC ══
(no feedback — first iteration)


══ dvc [cycle] seq=1 output OK 0.9s ════════════════════════════ 00:22:28 UTC ══
exit_when stage=design-gate field=verdict op=eq value=pass → MATCHED (got=pass)
health: progress=0 (no progress) - defects=0 → score=0
── end stage-io: dvc ✓ ──

══ dvc [cycle] seq=2 input ═════════════════════════════════════ 00:22:30 UTC ══
(no feedback edges, no stage summaries)


══ dvc [cycle] seq=2 output OK 0.8s ════════════════════════════ 00:22:31 UTC ══
exit_when stage=design-gate field=verdict op=eq value=pass → MATCHED (got=pass)
health: progress=0 (no progress) - defects=0 → score=0
── end stage-io: dvc ✓ ──
  [38;2;74;222;128m✓[0m [#2032/SPEC-1] unfinished member blocks convergence: rc=0 (converges on iter 2, not iter 1)
  [38;2;74;222;128m✓[0m [#2032/SPEC-1] cycle ran 2 iterations (not 1): the suppressed iter forced another
  [38;2;74;222;128m✓[0m [#2032/SPEC-1] cycle.member_unfinished.suppressed_convergence was emitted once

  [38;2;0;212;255mSPEC-1: out_of_turns member suppresses convergence — cycle iterates instead[0m
══ dvc [cycle] seq=1 input ═════════════════════════════════════ 00:22:31 UTC ══
(no feedback — first iteration)


══ dvc [cycle] seq=1 output OK 0.9s ════════════════════════════ 00:22:32 UTC ══
exit_when stage=design-gate field=verdict op=eq value=pass → MATCHED (got=pass)
health: progress=0 (no progress) - defects=0 → score=0
── end stage-io: dvc ✓ ──

══ dvc [cycle] seq=2 input ═════════════════════════════════════ 00:22:34 UTC ══
(no feedback edges, no stage summaries)


══ dvc [cycle] seq=2 output OK 0.8s ════════════════════════════ 00:22:35 UTC ══
exit_when stage=design-gate field=verdict op=eq value=pass → MATCHED (got=pass)
health: progress=0 (no progress) - defects=0 → score=0
── end stage-io: dvc ✓ ──
  [38;2;74;222;128m✓[0m [#2032/SPEC-1] out_of_turns member blocks convergence: rc=0 (converges on iter 2)
  [38;2;74;222;128m✓[0m [#2032/SPEC-1] cycle ran 2 iterations with out_of_turns suppression
  [38;2;74;222;128m✓[0m [#2032/SPEC-1] suppression block fired for out_of_turns member

  [38;2;0;212;255mSPEC-1: interrupted member suppresses convergence — cycle iterates instead[0m
══ dvc [cycle] seq=1 input ═════════════════════════════════════ 00:22:35 UTC ══
(no feedback — first iteration)


══ dvc [cycle] seq=1 output OK 0.9s ════════════════════════════ 00:22:36 UTC ══
exit_when stage=design-gate field=verdict op=eq value=pass → MATCHED (got=pass)
health: progress=0 (no progress) - defects=0 → score=0
── end stage-io: dvc ✓ ──

══ dvc [cycle] seq=2 input ═════════════════════════════════════ 00:22:38 UTC ══
(no feedback edges, no stage summaries)


══ dvc [cycle] seq=2 output OK 0.8s ════════════════════════════ 00:22:39 UTC ══
exit_when stage=design-gate field=verdict op=eq value=pass → MATCHED (got=pass)
health: progress=0 (no progress) - defects=0 → score=0
── end stage-io: dvc ✓ ──
  [38;2;74;222;128m✓[0m [#2032/SPEC-1] interrupted member blocks convergence: rc=0 (converges on iter 2)
  [38;2;74;222;128m✓[0m [#2032/SPEC-1] cycle ran 2 iterations with interrupted suppression
  [38;2;74;222;128m✓[0m [#2032/SPEC-1] suppression block fired for interrupted member

  [38;2;0;212;255mSPEC-6: unfinished at max_iterations — exhaustion path, not rc=0 complete[0m
══ dvc [cycle] seq=1 input ═════════════════════════════════════ 00:22:39 UTC ══
(no feedback — first iteration)


══ dvc [cycle] seq=1 output OK 0.9s ════════════════════════════ 00:22:40 UTC ══
exit_when stage=design-gate field=verdict op=eq value=pass → MATCHED (got=pass)
health: progress=0 (no progress) - defects=0 → score=0
── end stage-io: dvc ✓ ──

══ dvc [cycle] seq=2 input ═════════════════════════════════════ 00:22:42 UTC ══
(no feedback edges, no stage summaries)


══ dvc [cycle] seq=2 output OK 1.0s ════════════════════════════ 00:22:43 UTC ══
exit_when stage=design-gate field=verdict op=eq value=pass → MATCHED (got=pass)
health: progress=0 (no progress) - defects=0 → score=0
── end stage-io: dvc ✓ ──
  [38;2;74;222;128m✓[0m [#2032/SPEC-6] unfinished at max_iterations: rc=8 (exhaustion halt, not rc=0 complete)
  [38;2;74;222;128m✓[0m [#2032/SPEC-6] terminated reason is design_timeout_exhausted
  [38;2;74;222;128m✓[0m [#2032/SPEC-6] cycle.timeout_exhausted was emitted
  [38;2;74;222;128m✓[0m [#2032/SPEC-6] cycle.timeout_exhausted reason=design_timeout_exhausted
  [38;2;74;222;128m✓[0m [#2032/SPEC-6] suppression block fired on both iterations preventing false complete

[2m  ──────────────────────────────────────────[0m

  [38;2;74;222;128m[1mAll 19 tests passed[0m

