### core/pipeline/cycle-orchestrator.sh reverted tests/integration/cycle-member-unfinished-no-convergence-test.sh

[38;2;0;212;255m[1m  cycle: unfinished member suppresses false convergence (#2032)[0m
[2m  ══════════════════════════════════════════[0m


  [38;2;0;212;255mSPEC-2: all-complete exit_when converges; suppression block absent[0m
══ dvc [cycle] seq=1 input ═════════════════════════════════════ 22:42:47 UTC ══
(no feedback — first iteration)


══ dvc [cycle] seq=1 output OK 1.1s ════════════════════════════ 22:42:48 UTC ══
exit_when stage=design-gate field=verdict op=eq value=pass → MATCHED (got=pass)
health: progress=0 (no progress) - defects=0 → score=0
── end stage-io: dvc ✓ ──
  [38;2;74;222;128m✓[0m [#2032/SPEC-2] all-complete exit_when: rc=0 (converged)
  [38;2;74;222;128m✓[0m [#2032/SPEC-2] converged on the first iteration (no suppression needed)
  [38;2;74;222;128m✓[0m [#2032/SPEC-2] terminated with reason=converged
  [38;2;74;222;128m✓[0m [#2032/SPEC-2] suppression block did NOT fire (all members were complete)

  [38;2;0;212;255mSPEC-1: unfinished member suppresses convergence — cycle iterates instead[0m
══ dvc [cycle] seq=1 input ═════════════════════════════════════ 22:42:48 UTC ══
(no feedback — first iteration)


══ dvc [cycle] seq=1 output OK 0.8s ════════════════════════════ 22:42:49 UTC ══
exit_when stage=design-gate field=verdict op=eq value=pass → MATCHED (got=pass)
health: progress=0 (no progress) - defects=0 → score=0
── end stage-io: dvc ✓ ──
  [38;2;74;222;128m✓[0m [#2032/SPEC-1] unfinished member blocks convergence: rc=0 (converges on iter 2, not iter 1)
  [38;2;248;113;113m✗[0m [#2032/SPEC-1] cycle ran 2 iterations (not 1): the suppressed iter forced another
    [2mexpected: 2, got: 1[0m
  [38;2;248;113;113m✗[0m [#2032/SPEC-1] cycle.member_unfinished.suppressed_convergence was emitted once
    [2mexpected: 1, got: 0[0m

  [38;2;0;212;255mSPEC-6: unfinished at max_iterations — exhaustion path, not rc=0 complete[0m
══ dvc [cycle] seq=1 input ═════════════════════════════════════ 22:42:49 UTC ══
(no feedback — first iteration)


══ dvc [cycle] seq=1 output OK 0.8s ════════════════════════════ 22:42:50 UTC ══
exit_when stage=design-gate field=verdict op=eq value=pass → MATCHED (got=pass)
health: progress=0 (no progress) - defects=0 → score=0
── end stage-io: dvc ✓ ──
  [38;2;248;113;113m✗[0m [#2032/SPEC-6] unfinished at max_iterations: rc=8 (exhaustion halt, not rc=0 complete)
    [2mexpected: 8, got: 0[0m
  [38;2;248;113;113m✗[0m [#2032/SPEC-6] terminated reason is design_timeout_exhausted
    [2mexpected: design_timeout_exhausted, got: converged[0m
  [38;2;248;113;113m✗[0m [#2032/SPEC-6] cycle.timeout_exhausted was emitted
    [2mexpected: 1, got: 0[0m
  [38;2;248;113;113m✗[0m [#2032/SPEC-6] cycle.timeout_exhausted reason=design_timeout_exhausted
    [2mexpected: design_timeout_exhausted, got: [0m
  [38;2;248;113;113m✗[0m [#2032/SPEC-6] suppression block fired on both iterations preventing false complete
    [2mexpected: 2, got: 0[0m

[2m  ──────────────────────────────────────────[0m

  [38;2;248;113;113m[1m7 of 12 tests failed[0m

  [38;2;248;113;113m✗[0m [#2032/SPEC-1] cycle ran 2 iterations (not 1): the suppressed iter forced another
  [38;2;248;113;113m✗[0m [#2032/SPEC-1] cycle.member_unfinished.suppressed_convergence was emitted once
  [38;2;248;113;113m✗[0m [#2032/SPEC-6] unfinished at max_iterations: rc=8 (exhaustion halt, not rc=0 complete)
  [38;2;248;113;113m✗[0m [#2032/SPEC-6] terminated reason is design_timeout_exhausted
  [38;2;248;113;113m✗[0m [#2032/SPEC-6] cycle.timeout_exhausted was emitted
  [38;2;248;113;113m✗[0m [#2032/SPEC-6] cycle.timeout_exhausted reason=design_timeout_exhausted
  [38;2;248;113;113m✗[0m [#2032/SPEC-6] suppression block fired on both iterations preventing false complete

### core/pipeline/cycle-orchestrator.sh head tests/integration/cycle-member-unfinished-no-convergence-test.sh

[38;2;0;212;255m[1m  cycle: unfinished member suppresses false convergence (#2032)[0m
[2m  ══════════════════════════════════════════[0m


  [38;2;0;212;255mSPEC-2: all-complete exit_when converges; suppression block absent[0m
══ dvc [cycle] seq=1 input ═════════════════════════════════════ 22:42:51 UTC ══
(no feedback — first iteration)


══ dvc [cycle] seq=1 output OK 1.0s ════════════════════════════ 22:42:52 UTC ══
exit_when stage=design-gate field=verdict op=eq value=pass → MATCHED (got=pass)
health: progress=0 (no progress) - defects=0 → score=0
── end stage-io: dvc ✓ ──
  [38;2;74;222;128m✓[0m [#2032/SPEC-2] all-complete exit_when: rc=0 (converged)
  [38;2;74;222;128m✓[0m [#2032/SPEC-2] converged on the first iteration (no suppression needed)
  [38;2;74;222;128m✓[0m [#2032/SPEC-2] terminated with reason=converged
  [38;2;74;222;128m✓[0m [#2032/SPEC-2] suppression block did NOT fire (all members were complete)

  [38;2;0;212;255mSPEC-1: unfinished member suppresses convergence — cycle iterates instead[0m
══ dvc [cycle] seq=1 input ═════════════════════════════════════ 22:42:52 UTC ══
(no feedback — first iteration)


══ dvc [cycle] seq=1 output OK 0.9s ════════════════════════════ 22:42:53 UTC ══
exit_when stage=design-gate field=verdict op=eq value=pass → MATCHED (got=pass)
health: progress=0 (no progress) - defects=0 → score=0
── end stage-io: dvc ✓ ──

══ dvc [cycle] seq=2 input ═════════════════════════════════════ 22:42:55 UTC ══
(no feedback edges, no stage summaries)


══ dvc [cycle] seq=2 output OK 0.8s ════════════════════════════ 22:42:56 UTC ══
exit_when stage=design-gate field=verdict op=eq value=pass → MATCHED (got=pass)
health: progress=0 (no progress) - defects=0 → score=0
── end stage-io: dvc ✓ ──
  [38;2;74;222;128m✓[0m [#2032/SPEC-1] unfinished member blocks convergence: rc=0 (converges on iter 2, not iter 1)
  [38;2;74;222;128m✓[0m [#2032/SPEC-1] cycle ran 2 iterations (not 1): the suppressed iter forced another
  [38;2;74;222;128m✓[0m [#2032/SPEC-1] cycle.member_unfinished.suppressed_convergence was emitted once

  [38;2;0;212;255mSPEC-6: unfinished at max_iterations — exhaustion path, not rc=0 complete[0m
══ dvc [cycle] seq=1 input ═════════════════════════════════════ 22:42:56 UTC ══
(no feedback — first iteration)


══ dvc [cycle] seq=1 output OK 0.9s ════════════════════════════ 22:42:57 UTC ══
exit_when stage=design-gate field=verdict op=eq value=pass → MATCHED (got=pass)
health: progress=0 (no progress) - defects=0 → score=0
── end stage-io: dvc ✓ ──

══ dvc [cycle] seq=2 input ═════════════════════════════════════ 22:42:59 UTC ══
(no feedback edges, no stage summaries)


══ dvc [cycle] seq=2 output OK 0.9s ════════════════════════════ 22:43:00 UTC ══
exit_when stage=design-gate field=verdict op=eq value=pass → MATCHED (got=pass)
health: progress=0 (no progress) - defects=0 → score=0
── end stage-io: dvc ✓ ──
  [38;2;74;222;128m✓[0m [#2032/SPEC-6] unfinished at max_iterations: rc=8 (exhaustion halt, not rc=0 complete)
  [38;2;74;222;128m✓[0m [#2032/SPEC-6] terminated reason is design_timeout_exhausted
  [38;2;74;222;128m✓[0m [#2032/SPEC-6] cycle.timeout_exhausted was emitted
  [38;2;74;222;128m✓[0m [#2032/SPEC-6] cycle.timeout_exhausted reason=design_timeout_exhausted
  [38;2;74;222;128m✓[0m [#2032/SPEC-6] suppression block fired on both iterations preventing false complete

[2m  ──────────────────────────────────────────[0m

  [38;2;74;222;128m[1mAll 12 tests passed[0m

