### plugins/tool/secret-scan/plugin.sh reverted tests/unit/gate-v2-contract-test.sh

[38;2;0;212;255m[1m  gate v2 contract — result_contract:2 disposition reason (#1848)[0m
[2m  ══════════════════════════════════════════[0m

  [38;2;74;222;128m✓[0m [SPEC-1] coverage-gate manifest declares result_contract: 2
  [38;2;74;222;128m✓[0m [SPEC-1] design-gate manifest declares result_contract: 2
  [38;2;74;222;128m✓[0m [SPEC-1] gate-aggregator manifest declares result_contract: 2
  [38;2;74;222;128m✓[0m [SPEC-1] lint-gate manifest declares result_contract: 2
  [38;2;74;222;128m✓[0m [SPEC-1] mutation-gate manifest declares result_contract: 2
  [38;2;74;222;128m✓[0m [SPEC-1] secret-scan manifest declares result_contract: 2
  [38;2;74;222;128m✓[0m [SPEC-1] shape-floor manifest declares result_contract: 2
  [38;2;74;222;128m✓[0m [SPEC-4] design-gate manifest has no required:false output (design_gate_feedback is now required:true)
  [38;2;74;222;128m✓[0m [SPEC-5] coverage-gate reads test_results from ZBUILD_STAGE_INPUTS → verdict=pass
  [38;2;74;222;128m✓[0m [SPEC-5] lint-gate reads test_results from ZBUILD_STAGE_INPUTS → verdict=pass
  [38;2;74;222;128m✓[0m [SPEC-5] mutation-gate reads test_results from ZBUILD_STAGE_INPUTS → verdict=pass
  [38;2;74;222;128m✓[0m [SPEC-6] design-gate reads design.md from ZBUILD_STAGE_INPUTS path → verdict=pass
  [38;2;74;222;128m✓[0m [SPEC-4][SPEC-8] design-gate clean design → rc=0
  [38;2;74;222;128m✓[0m [SPEC-4] design-gate pass verdict → feedback file written
  [38;2;74;222;128m✓[0m [SPEC-4] design-gate fail verdict → feedback file also written
  [38;2;74;222;128m✓[0m [SPEC-8] coverage-gate pass → rc=0
  [38;2;74;222;128m✓[0m [SPEC-2] coverage-gate pass → result_contract:2
  [38;2;74;222;128m✓[0m [SPEC-2] coverage-gate pass → disposition:complete
  [38;2;74;222;128m✓[0m [SPEC-2] coverage-gate pass → reason present
  [38;2;74;222;128m✓[0m [SPEC-8] coverage-gate fail → rc=0
  [38;2;74;222;128m✓[0m [SPEC-2] coverage-gate fail → result_contract:2
  [38;2;74;222;128m✓[0m [SPEC-8] coverage-gate skip → rc=0
  [38;2;74;222;128m✓[0m [SPEC-2] coverage-gate skip → result_contract:2
  [38;2;74;222;128m✓[0m [SPEC-8] lint-gate pass → rc=0
  [38;2;74;222;128m✓[0m [SPEC-2] lint-gate pass → result_contract:2
  [38;2;74;222;128m✓[0m [SPEC-2] lint-gate pass → disposition:complete
  [38;2;74;222;128m✓[0m [SPEC-2] lint-gate pass → reason present
  [38;2;74;222;128m✓[0m [SPEC-2] lint-gate pass → reason value non-empty
  [38;2;74;222;128m✓[0m [SPEC-8] lint-gate fail → rc=0
  [38;2;74;222;128m✓[0m [SPEC-2] lint-gate fail → result_contract:2
  [38;2;74;222;128m✓[0m [SPEC-8] lint-gate skip → rc=0
  [38;2;74;222;128m✓[0m [SPEC-2] lint-gate skip → result_contract:2
  [38;2;74;222;128m✓[0m [SPEC-8] mutation-gate pass → rc=0
  [38;2;74;222;128m✓[0m [SPEC-2] mutation-gate pass → result_contract:2
  [38;2;74;222;128m✓[0m [SPEC-2] mutation-gate pass → disposition:complete
  [38;2;74;222;128m✓[0m [SPEC-2] mutation-gate pass → reason present
  [38;2;74;222;128m✓[0m [SPEC-8] mutation-gate fail → rc=0
  [38;2;74;222;128m✓[0m [SPEC-2] mutation-gate fail → result_contract:2
  [38;2;74;222;128m✓[0m [SPEC-8] mutation-gate skip → rc=0
  [38;2;74;222;128m✓[0m [SPEC-2] mutation-gate skip → result_contract:2
  [38;2;74;222;128m✓[0m [SPEC-8] secret-scan skip → rc=0
  [38;2;248;113;113m✗[0m [SPEC-2] secret-scan skip → result_contract:2
    [2mkey .result_contract: expected 2, got: null[0m
  [38;2;248;113;113m✗[0m [SPEC-2] secret-scan skip → disposition:complete
    [2mkey .disposition: expected complete, got: null[0m
  [38;2;74;222;128m✓[0m [SPEC-2] secret-scan skip → reason present
  [38;2;74;222;128m✓[0m [SPEC-8] shape-floor skip → rc=0
  [38;2;74;222;128m✓[0m [SPEC-2] shape-floor skip → result_contract:2
  [38;2;74;222;128m✓[0m [SPEC-2] shape-floor skip → disposition:complete
  [38;2;74;222;128m✓[0m [SPEC-2] shape-floor skip → reason present
  [38;2;74;222;128m✓[0m [SPEC-8] shape-floor pass → rc=0
  [38;2;74;222;128m✓[0m [SPEC-2] shape-floor pass → result_contract:2
  [38;2;74;222;128m✓[0m [SPEC-2] shape-floor pass → reason non-empty
  [38;2;74;222;128m✓[0m [SPEC-8] design-gate pass → rc=0
  [38;2;74;222;128m✓[0m [SPEC-2] design-gate pass → result_contract:2
  [38;2;74;222;128m✓[0m [SPEC-2] design-gate pass → disposition:complete
  [38;2;74;222;128m✓[0m [SPEC-2] design-gate pass → reason present
  [38;2;74;222;128m✓[0m [SPEC-8] gate-aggregator pass → rc=0
  [38;2;74;222;128m✓[0m [SPEC-2] gate-aggregator pass → result_contract:2
  [38;2;74;222;128m✓[0m [SPEC-2] gate-aggregator pass → disposition:complete
  [38;2;74;222;128m✓[0m [SPEC-2] gate-aggregator pass → reason present
  [38;2;74;222;128m✓[0m [SPEC-3][SPEC-8] shape-floor library not loaded → rc=0
  [38;2;74;222;128m✓[0m [SPEC-3] shape-floor library not loaded → disposition:broken
  [38;2;74;222;128m✓[0m [SPEC-3] shape-floor library not loaded → reason:library_load_failure
  [38;2;74;222;128m✓[0m [SPEC-7][SPEC-8] gate-aggregator all-pass → rc=0
  [38;2;248;113;113m✗[0m [SPEC-7] gate-aggregator all-pass → verdict=pass
    [2mkey .verdict: expected pass, got: fail[0m
  [38;2;74;222;128m✓[0m [SPEC-8] gate-aggregator any-fail path → rc=0
  [38;2;74;222;128m✓[0m [SPEC-7] gate-aggregator any-fail → verdict=fail
  [38;2;248;113;113m✗[0m [SPEC-7] gate-aggregator advisory-demoted → verdict=pass
    [2mkey .verdict: expected pass, got: fail[0m
  [38;2;74;222;128m✓[0m [SPEC-8] gate-aggregator missing-gate → rc=0
  [38;2;74;222;128m✓[0m [SPEC-7] gate-aggregator missing gate → fail-closed
  [38;2;74;222;128m✓[0m [SPEC-9] coverage-gate manifest declares valid_verdicts
  [38;2;74;222;128m✓[0m [SPEC-9] design-gate manifest declares valid_verdicts
  [38;2;74;222;128m✓[0m [SPEC-9] gate-aggregator manifest declares valid_verdicts
  [38;2;74;222;128m✓[0m [SPEC-9] lint-gate manifest declares valid_verdicts
  [38;2;74;222;128m✓[0m [SPEC-9] mutation-gate manifest declares valid_verdicts
  [38;2;74;222;128m✓[0m [SPEC-9] secret-scan manifest declares valid_verdicts
  [38;2;74;222;128m✓[0m [SPEC-9] shape-floor manifest declares valid_verdicts
  [38;2;74;222;128m✓[0m [SPEC-10] coverage-gate manifest declares tier_default: T0
  [38;2;74;222;128m✓[0m [SPEC-10] design-gate manifest declares tier_default: T0
  [38;2;74;222;128m✓[0m [SPEC-10] gate-aggregator manifest declares tier_default: T0
  [38;2;74;222;128m✓[0m [SPEC-10] lint-gate manifest declares tier_default: T0
  [38;2;74;222;128m✓[0m [SPEC-10] mutation-gate manifest declares tier_default: T0
  [38;2;74;222;128m✓[0m [SPEC-10] secret-scan manifest declares tier_default: T0
  [38;2;74;222;128m✓[0m [SPEC-10] shape-floor manifest declares tier_default: T0
  [38;2;74;222;128m✓[0m [SPEC-11] coverage-gate manifest has exactly one primary: true output
  [38;2;74;222;128m✓[0m [SPEC-11] design-gate manifest has exactly one primary: true output
  [38;2;74;222;128m✓[0m [SPEC-11] gate-aggregator manifest has exactly one primary: true output
  [38;2;74;222;128m✓[0m [SPEC-11] lint-gate manifest has exactly one primary: true output
  [38;2;74;222;128m✓[0m [SPEC-11] mutation-gate manifest has exactly one primary: true output
  [38;2;74;222;128m✓[0m [SPEC-11] secret-scan manifest has exactly one primary: true output
  [38;2;74;222;128m✓[0m [SPEC-11] shape-floor manifest has exactly one primary: true output
  [38;2;74;222;128m✓[0m [SPEC-12] coverage-gate/plugin.sh has no hardcoded cross-stage artifact path
  [38;2;74;222;128m✓[0m [SPEC-12] design-gate/plugin.sh has no hardcoded cross-stage artifact path
  [38;2;74;222;128m✓[0m [SPEC-12] gate-aggregator/plugin.sh has no hardcoded cross-stage artifact path
  [38;2;74;222;128m✓[0m [SPEC-12] lint-gate/plugin.sh has no hardcoded cross-stage artifact path
  [38;2;74;222;128m✓[0m [SPEC-12] mutation-gate/plugin.sh has no hardcoded cross-stage artifact path
  [38;2;74;222;128m✓[0m [SPEC-12] secret-scan/plugin.sh has no hardcoded cross-stage artifact path
  [38;2;74;222;128m✓[0m [SPEC-12] shape-floor/plugin.sh has no hardcoded cross-stage artifact path
  [38;2;74;222;128m✓[0m [SPEC-13] coverage-gate manifest has no config.router budget knobs (T0: no model calls)
  [38;2;74;222;128m✓[0m [SPEC-13] design-gate manifest has no config.router budget knobs (T0: no model calls)
  [38;2;74;222;128m✓[0m [SPEC-13] gate-aggregator manifest has no config.router budget knobs (T0: no model calls)
  [38;2;74;222;128m✓[0m [SPEC-13] lint-gate manifest has no config.router budget knobs (T0: no model calls)
  [38;2;74;222;128m✓[0m [SPEC-13] mutation-gate manifest has no config.router budget knobs (T0: no model calls)
  [38;2;74;222;128m✓[0m [SPEC-13] secret-scan manifest has no config.router budget knobs (T0: no model calls)
  [38;2;74;222;128m✓[0m [SPEC-13] shape-floor manifest has no config.router budget knobs (T0: no model calls)
  [38;2;248;113;113m✗[0m [SPEC-14] coverage-gate manifest has exactly one output with required:true AND summary:true (ADR-055 §9 mandatory pairing)
    [2mexpected: 1, got: 2[0m
  [38;2;74;222;128m✓[0m [SPEC-14] design-gate manifest has exactly one output with required:true AND summary:true (ADR-055 §9 mandatory pairing)
  [38;2;74;222;128m✓[0m [SPEC-14] gate-aggregator manifest has exactly one output with required:true AND summary:true (ADR-055 §9 mandatory pairing)
  [38;2;248;113;113m✗[0m [SPEC-14] lint-gate manifest has exactly one output with required:true AND summary:true (ADR-055 §9 mandatory pairing)
    [2mexpected: 1, got: 2[0m
  [38;2;248;113;113m✗[0m [SPEC-14] mutation-gate manifest has exactly one output with required:true AND summary:true (ADR-055 §9 mandatory pairing)
    [2mexpected: 1, got: 2[0m
  [38;2;248;113;113m✗[0m [SPEC-14] secret-scan manifest has exactly one output with required:true AND summary:true (ADR-055 §9 mandatory pairing)
    [2mexpected: 1, got: 2[0m
  [38;2;248;113;113m✗[0m [SPEC-14] shape-floor manifest has exactly one output with required:true AND summary:true (ADR-055 §9 mandatory pairing)
    [2mexpected: 1, got: 2[0m
  [38;2;74;222;128m✓[0m [SPEC-14] coverage-gate cv-v2-pass → coverage-detail.md written and non-empty
  [38;2;74;222;128m✓[0m [SPEC-14] coverage-gate cv-v2-fail → coverage-detail.md written and non-empty
  [38;2;74;222;128m✓[0m [SPEC-14] coverage-gate cv-v2-skip → coverage-detail.md written and non-empty
  [38;2;74;222;128m✓[0m [SPEC-14] lint-gate lt-v2-pass → lint-detail.md written and non-empty
  [38;2;74;222;128m✓[0m [SPEC-14] lint-gate lt-v2-fail → lint-detail.md written and non-empty
  [38;2;74;222;128m✓[0m [SPEC-14] lint-gate lt-v2-skip → lint-detail.md written and non-empty
  [38;2;74;222;128m✓[0m [SPEC-14] mutation-gate mg-v2-pass → mutation-detail.md written and non-empty
  [38;2;74;222;128m✓[0m [SPEC-14] mutation-gate mg-v2-fail → mutation-detail.md written and non-empty
  [38;2;74;222;128m✓[0m [SPEC-14] mutation-gate mg-v2-skip → mutation-detail.md written and non-empty
  [38;2;248;113;113m✗[0m [SPEC-14] secret-scan skip (no_baseline) → secret-scan-detail.md written and non-empty
    [2mexpected: present, got: absent[0m
  [38;2;74;222;128m✓[0m [SPEC-14] shape-floor sf-v2-skip → shape-floor-detail.md written and non-empty
  [38;2;74;222;128m✓[0m [SPEC-14] shape-floor sf-v2-pass → shape-floor-detail.md written and non-empty
  [38;2;74;222;128m✓[0m [SPEC-14] design-gate dg-v2 (pass) → design-gate-feedback.md written and non-empty
  [38;2;74;222;128m✓[0m [SPEC-14] gate-aggregator ga-v2-pass → gate-aggregator-summary.md written and non-empty
  [38;2;74;222;128m✓[0m [SPEC-14] secret-scan pass (clean diff) → rc=0
  [38;2;74;222;128m✓[0m [SPEC-14] secret-scan pass → verdict=pass
  [38;2;74;222;128m✓[0m [SPEC-14] secret-scan pass → secret-scan-detail.md written and non-empty
  [38;2;248;113;113m✗[0m [SPEC-14] secret-scan pass-path summary names its conclusion (not bare absence)
    [2moutput missing: clean diff — no secrets found[0m

[2m  ──────────────────────────────────────────[0m

  [38;2;248;113;113m[1m11 of 129 tests failed[0m

  [38;2;248;113;113m✗[0m [SPEC-2] secret-scan skip → result_contract:2
  [38;2;248;113;113m✗[0m [SPEC-2] secret-scan skip → disposition:complete
  [38;2;248;113;113m✗[0m [SPEC-7] gate-aggregator all-pass → verdict=pass
  [38;2;248;113;113m✗[0m [SPEC-7] gate-aggregator advisory-demoted → verdict=pass
  [38;2;248;113;113m✗[0m [SPEC-14] coverage-gate manifest has exactly one output with required:true AND summary:true (ADR-055 §9 mandatory pairing)
  [38;2;248;113;113m✗[0m [SPEC-14] lint-gate manifest has exactly one output with required:true AND summary:true (ADR-055 §9 mandatory pairing)
  [38;2;248;113;113m✗[0m [SPEC-14] mutation-gate manifest has exactly one output with required:true AND summary:true (ADR-055 §9 mandatory pairing)
  [38;2;248;113;113m✗[0m [SPEC-14] secret-scan manifest has exactly one output with required:true AND summary:true (ADR-055 §9 mandatory pairing)
  [38;2;248;113;113m✗[0m [SPEC-14] shape-floor manifest has exactly one output with required:true AND summary:true (ADR-055 §9 mandatory pairing)
  [38;2;248;113;113m✗[0m [SPEC-14] secret-scan skip (no_baseline) → secret-scan-detail.md written and non-empty
  [38;2;248;113;113m✗[0m [SPEC-14] secret-scan pass-path summary names its conclusion (not bare absence)

### plugins/tool/secret-scan/plugin.sh head tests/unit/gate-v2-contract-test.sh

[38;2;0;212;255m[1m  gate v2 contract — result_contract:2 disposition reason (#1848)[0m
[2m  ══════════════════════════════════════════[0m

  [38;2;74;222;128m✓[0m [SPEC-1] coverage-gate manifest declares result_contract: 2
  [38;2;74;222;128m✓[0m [SPEC-1] design-gate manifest declares result_contract: 2
  [38;2;74;222;128m✓[0m [SPEC-1] gate-aggregator manifest declares result_contract: 2
  [38;2;74;222;128m✓[0m [SPEC-1] lint-gate manifest declares result_contract: 2
  [38;2;74;222;128m✓[0m [SPEC-1] mutation-gate manifest declares result_contract: 2
  [38;2;74;222;128m✓[0m [SPEC-1] secret-scan manifest declares result_contract: 2
  [38;2;74;222;128m✓[0m [SPEC-1] shape-floor manifest declares result_contract: 2
  [38;2;74;222;128m✓[0m [SPEC-4] design-gate manifest has no required:false output (design_gate_feedback is now required:true)
  [38;2;74;222;128m✓[0m [SPEC-5] coverage-gate reads test_results from ZBUILD_STAGE_INPUTS → verdict=pass
  [38;2;74;222;128m✓[0m [SPEC-5] lint-gate reads test_results from ZBUILD_STAGE_INPUTS → verdict=pass
  [38;2;74;222;128m✓[0m [SPEC-5] mutation-gate reads test_results from ZBUILD_STAGE_INPUTS → verdict=pass
  [38;2;74;222;128m✓[0m [SPEC-6] design-gate reads design.md from ZBUILD_STAGE_INPUTS path → verdict=pass
  [38;2;74;222;128m✓[0m [SPEC-4][SPEC-8] design-gate clean design → rc=0
  [38;2;74;222;128m✓[0m [SPEC-4] design-gate pass verdict → feedback file written
  [38;2;74;222;128m✓[0m [SPEC-4] design-gate fail verdict → feedback file also written
  [38;2;74;222;128m✓[0m [SPEC-8] coverage-gate pass → rc=0
  [38;2;74;222;128m✓[0m [SPEC-2] coverage-gate pass → result_contract:2
  [38;2;74;222;128m✓[0m [SPEC-2] coverage-gate pass → disposition:complete
  [38;2;74;222;128m✓[0m [SPEC-2] coverage-gate pass → reason present
  [38;2;74;222;128m✓[0m [SPEC-8] coverage-gate fail → rc=0
  [38;2;74;222;128m✓[0m [SPEC-2] coverage-gate fail → result_contract:2
  [38;2;74;222;128m✓[0m [SPEC-8] coverage-gate skip → rc=0
  [38;2;74;222;128m✓[0m [SPEC-2] coverage-gate skip → result_contract:2
  [38;2;74;222;128m✓[0m [SPEC-8] lint-gate pass → rc=0
  [38;2;74;222;128m✓[0m [SPEC-2] lint-gate pass → result_contract:2
  [38;2;74;222;128m✓[0m [SPEC-2] lint-gate pass → disposition:complete
  [38;2;74;222;128m✓[0m [SPEC-2] lint-gate pass → reason present
  [38;2;74;222;128m✓[0m [SPEC-2] lint-gate pass → reason value non-empty
  [38;2;74;222;128m✓[0m [SPEC-8] lint-gate fail → rc=0
  [38;2;74;222;128m✓[0m [SPEC-2] lint-gate fail → result_contract:2
  [38;2;74;222;128m✓[0m [SPEC-8] lint-gate skip → rc=0
  [38;2;74;222;128m✓[0m [SPEC-2] lint-gate skip → result_contract:2
  [38;2;74;222;128m✓[0m [SPEC-8] mutation-gate pass → rc=0
  [38;2;74;222;128m✓[0m [SPEC-2] mutation-gate pass → result_contract:2
  [38;2;74;222;128m✓[0m [SPEC-2] mutation-gate pass → disposition:complete
  [38;2;74;222;128m✓[0m [SPEC-2] mutation-gate pass → reason present
  [38;2;74;222;128m✓[0m [SPEC-8] mutation-gate fail → rc=0
  [38;2;74;222;128m✓[0m [SPEC-2] mutation-gate fail → result_contract:2
  [38;2;74;222;128m✓[0m [SPEC-8] mutation-gate skip → rc=0
  [38;2;74;222;128m✓[0m [SPEC-2] mutation-gate skip → result_contract:2
  [38;2;74;222;128m✓[0m [SPEC-8] secret-scan skip → rc=0
  [38;2;74;222;128m✓[0m [SPEC-2] secret-scan skip → result_contract:2
  [38;2;74;222;128m✓[0m [SPEC-2] secret-scan skip → disposition:complete
  [38;2;74;222;128m✓[0m [SPEC-2] secret-scan skip → reason present
  [38;2;74;222;128m✓[0m [SPEC-8] shape-floor skip → rc=0
  [38;2;74;222;128m✓[0m [SPEC-2] shape-floor skip → result_contract:2
  [38;2;74;222;128m✓[0m [SPEC-2] shape-floor skip → disposition:complete
  [38;2;74;222;128m✓[0m [SPEC-2] shape-floor skip → reason present
  [38;2;74;222;128m✓[0m [SPEC-8] shape-floor pass → rc=0
  [38;2;74;222;128m✓[0m [SPEC-2] shape-floor pass → result_contract:2
  [38;2;74;222;128m✓[0m [SPEC-2] shape-floor pass → reason non-empty
  [38;2;74;222;128m✓[0m [SPEC-8] design-gate pass → rc=0
  [38;2;74;222;128m✓[0m [SPEC-2] design-gate pass → result_contract:2
  [38;2;74;222;128m✓[0m [SPEC-2] design-gate pass → disposition:complete
  [38;2;74;222;128m✓[0m [SPEC-2] design-gate pass → reason present
  [38;2;74;222;128m✓[0m [SPEC-8] gate-aggregator pass → rc=0
  [38;2;74;222;128m✓[0m [SPEC-2] gate-aggregator pass → result_contract:2
  [38;2;74;222;128m✓[0m [SPEC-2] gate-aggregator pass → disposition:complete
  [38;2;74;222;128m✓[0m [SPEC-2] gate-aggregator pass → reason present
  [38;2;74;222;128m✓[0m [SPEC-3][SPEC-8] shape-floor library not loaded → rc=0
  [38;2;74;222;128m✓[0m [SPEC-3] shape-floor library not loaded → disposition:broken
  [38;2;74;222;128m✓[0m [SPEC-3] shape-floor library not loaded → reason:library_load_failure
  [38;2;74;222;128m✓[0m [SPEC-7][SPEC-8] gate-aggregator all-pass → rc=0
  [38;2;248;113;113m✗[0m [SPEC-7] gate-aggregator all-pass → verdict=pass
    [2mkey .verdict: expected pass, got: fail[0m
  [38;2;74;222;128m✓[0m [SPEC-8] gate-aggregator any-fail path → rc=0
  [38;2;74;222;128m✓[0m [SPEC-7] gate-aggregator any-fail → verdict=fail
  [38;2;248;113;113m✗[0m [SPEC-7] gate-aggregator advisory-demoted → verdict=pass
    [2mkey .verdict: expected pass, got: fail[0m
  [38;2;74;222;128m✓[0m [SPEC-8] gate-aggregator missing-gate → rc=0
  [38;2;74;222;128m✓[0m [SPEC-7] gate-aggregator missing gate → fail-closed
  [38;2;74;222;128m✓[0m [SPEC-9] coverage-gate manifest declares valid_verdicts
  [38;2;74;222;128m✓[0m [SPEC-9] design-gate manifest declares valid_verdicts
  [38;2;74;222;128m✓[0m [SPEC-9] gate-aggregator manifest declares valid_verdicts
  [38;2;74;222;128m✓[0m [SPEC-9] lint-gate manifest declares valid_verdicts
  [38;2;74;222;128m✓[0m [SPEC-9] mutation-gate manifest declares valid_verdicts
  [38;2;74;222;128m✓[0m [SPEC-9] secret-scan manifest declares valid_verdicts
  [38;2;74;222;128m✓[0m [SPEC-9] shape-floor manifest declares valid_verdicts
  [38;2;74;222;128m✓[0m [SPEC-10] coverage-gate manifest declares tier_default: T0
  [38;2;74;222;128m✓[0m [SPEC-10] design-gate manifest declares tier_default: T0
  [38;2;74;222;128m✓[0m [SPEC-10] gate-aggregator manifest declares tier_default: T0
  [38;2;74;222;128m✓[0m [SPEC-10] lint-gate manifest declares tier_default: T0
  [38;2;74;222;128m✓[0m [SPEC-10] mutation-gate manifest declares tier_default: T0
  [38;2;74;222;128m✓[0m [SPEC-10] secret-scan manifest declares tier_default: T0
  [38;2;74;222;128m✓[0m [SPEC-10] shape-floor manifest declares tier_default: T0
  [38;2;74;222;128m✓[0m [SPEC-11] coverage-gate manifest has exactly one primary: true output
  [38;2;74;222;128m✓[0m [SPEC-11] design-gate manifest has exactly one primary: true output
  [38;2;74;222;128m✓[0m [SPEC-11] gate-aggregator manifest has exactly one primary: true output
  [38;2;74;222;128m✓[0m [SPEC-11] lint-gate manifest has exactly one primary: true output
  [38;2;74;222;128m✓[0m [SPEC-11] mutation-gate manifest has exactly one primary: true output
  [38;2;74;222;128m✓[0m [SPEC-11] secret-scan manifest has exactly one primary: true output
  [38;2;74;222;128m✓[0m [SPEC-11] shape-floor manifest has exactly one primary: true output
  [38;2;74;222;128m✓[0m [SPEC-12] coverage-gate/plugin.sh has no hardcoded cross-stage artifact path
  [38;2;74;222;128m✓[0m [SPEC-12] design-gate/plugin.sh has no hardcoded cross-stage artifact path
  [38;2;74;222;128m✓[0m [SPEC-12] gate-aggregator/plugin.sh has no hardcoded cross-stage artifact path
  [38;2;74;222;128m✓[0m [SPEC-12] lint-gate/plugin.sh has no hardcoded cross-stage artifact path
  [38;2;74;222;128m✓[0m [SPEC-12] mutation-gate/plugin.sh has no hardcoded cross-stage artifact path
  [38;2;74;222;128m✓[0m [SPEC-12] secret-scan/plugin.sh has no hardcoded cross-stage artifact path
  [38;2;74;222;128m✓[0m [SPEC-12] shape-floor/plugin.sh has no hardcoded cross-stage artifact path
  [38;2;74;222;128m✓[0m [SPEC-13] coverage-gate manifest has no config.router budget knobs (T0: no model calls)
  [38;2;74;222;128m✓[0m [SPEC-13] design-gate manifest has no config.router budget knobs (T0: no model calls)
  [38;2;74;222;128m✓[0m [SPEC-13] gate-aggregator manifest has no config.router budget knobs (T0: no model calls)
  [38;2;74;222;128m✓[0m [SPEC-13] lint-gate manifest has no config.router budget knobs (T0: no model calls)
  [38;2;74;222;128m✓[0m [SPEC-13] mutation-gate manifest has no config.router budget knobs (T0: no model calls)
  [38;2;74;222;128m✓[0m [SPEC-13] secret-scan manifest has no config.router budget knobs (T0: no model calls)
  [38;2;74;222;128m✓[0m [SPEC-13] shape-floor manifest has no config.router budget knobs (T0: no model calls)
  [38;2;248;113;113m✗[0m [SPEC-14] coverage-gate manifest has exactly one output with required:true AND summary:true (ADR-055 §9 mandatory pairing)
    [2mexpected: 1, got: 2[0m
  [38;2;74;222;128m✓[0m [SPEC-14] design-gate manifest has exactly one output with required:true AND summary:true (ADR-055 §9 mandatory pairing)
  [38;2;74;222;128m✓[0m [SPEC-14] gate-aggregator manifest has exactly one output with required:true AND summary:true (ADR-055 §9 mandatory pairing)
  [38;2;248;113;113m✗[0m [SPEC-14] lint-gate manifest has exactly one output with required:true AND summary:true (ADR-055 §9 mandatory pairing)
    [2mexpected: 1, got: 2[0m
  [38;2;248;113;113m✗[0m [SPEC-14] mutation-gate manifest has exactly one output with required:true AND summary:true (ADR-055 §9 mandatory pairing)
    [2mexpected: 1, got: 2[0m
  [38;2;248;113;113m✗[0m [SPEC-14] secret-scan manifest has exactly one output with required:true AND summary:true (ADR-055 §9 mandatory pairing)
    [2mexpected: 1, got: 2[0m
  [38;2;248;113;113m✗[0m [SPEC-14] shape-floor manifest has exactly one output with required:true AND summary:true (ADR-055 §9 mandatory pairing)
    [2mexpected: 1, got: 2[0m
  [38;2;74;222;128m✓[0m [SPEC-14] coverage-gate cv-v2-pass → coverage-detail.md written and non-empty
  [38;2;74;222;128m✓[0m [SPEC-14] coverage-gate cv-v2-fail → coverage-detail.md written and non-empty
  [38;2;74;222;128m✓[0m [SPEC-14] coverage-gate cv-v2-skip → coverage-detail.md written and non-empty
  [38;2;74;222;128m✓[0m [SPEC-14] lint-gate lt-v2-pass → lint-detail.md written and non-empty
  [38;2;74;222;128m✓[0m [SPEC-14] lint-gate lt-v2-fail → lint-detail.md written and non-empty
  [38;2;74;222;128m✓[0m [SPEC-14] lint-gate lt-v2-skip → lint-detail.md written and non-empty
  [38;2;74;222;128m✓[0m [SPEC-14] mutation-gate mg-v2-pass → mutation-detail.md written and non-empty
  [38;2;74;222;128m✓[0m [SPEC-14] mutation-gate mg-v2-fail → mutation-detail.md written and non-empty
  [38;2;74;222;128m✓[0m [SPEC-14] mutation-gate mg-v2-skip → mutation-detail.md written and non-empty
  [38;2;74;222;128m✓[0m [SPEC-14] secret-scan skip (no_baseline) → secret-scan-detail.md written and non-empty
  [38;2;74;222;128m✓[0m [SPEC-14] shape-floor sf-v2-skip → shape-floor-detail.md written and non-empty
  [38;2;74;222;128m✓[0m [SPEC-14] shape-floor sf-v2-pass → shape-floor-detail.md written and non-empty
  [38;2;74;222;128m✓[0m [SPEC-14] design-gate dg-v2 (pass) → design-gate-feedback.md written and non-empty
  [38;2;74;222;128m✓[0m [SPEC-14] gate-aggregator ga-v2-pass → gate-aggregator-summary.md written and non-empty
  [38;2;74;222;128m✓[0m [SPEC-14] secret-scan pass (clean diff) → rc=0
  [38;2;74;222;128m✓[0m [SPEC-14] secret-scan pass → verdict=pass
  [38;2;74;222;128m✓[0m [SPEC-14] secret-scan pass → secret-scan-detail.md written and non-empty
  [38;2;74;222;128m✓[0m [SPEC-14] secret-scan pass-path summary names its conclusion (not bare absence)

[2m  ──────────────────────────────────────────[0m

  [38;2;248;113;113m[1m7 of 129 tests failed[0m

  [38;2;248;113;113m✗[0m [SPEC-7] gate-aggregator all-pass → verdict=pass
  [38;2;248;113;113m✗[0m [SPEC-7] gate-aggregator advisory-demoted → verdict=pass
  [38;2;248;113;113m✗[0m [SPEC-14] coverage-gate manifest has exactly one output with required:true AND summary:true (ADR-055 §9 mandatory pairing)
  [38;2;248;113;113m✗[0m [SPEC-14] lint-gate manifest has exactly one output with required:true AND summary:true (ADR-055 §9 mandatory pairing)
  [38;2;248;113;113m✗[0m [SPEC-14] mutation-gate manifest has exactly one output with required:true AND summary:true (ADR-055 §9 mandatory pairing)
  [38;2;248;113;113m✗[0m [SPEC-14] secret-scan manifest has exactly one output with required:true AND summary:true (ADR-055 §9 mandatory pairing)
  [38;2;248;113;113m✗[0m [SPEC-14] shape-floor manifest has exactly one output with required:true AND summary:true (ADR-055 §9 mandatory pairing)

